Archive member included to satisfy reference by file (symbol)

/usr/bin/../lib/gcc/arm-none-eabi/5.4.1/../../../../arm-none-eabi/lib/armv7-m/libm.a(lib_a-sf_cos.o)
                              ./system/src/drivers/tx20.o (cosf)
/usr/bin/../lib/gcc/arm-none-eabi/5.4.1/../../../../arm-none-eabi/lib/armv7-m/libm.a(lib_a-sf_sin.o)
                              ./system/src/drivers/tx20.o (sinf)
/usr/bin/../lib/gcc/arm-none-eabi/5.4.1/../../../../arm-none-eabi/lib/armv7-m/libm.a(lib_a-w_pow.o)
                              ./system/src/drivers/ms5611.o (pow)
/usr/bin/../lib/gcc/arm-none-eabi/5.4.1/../../../../arm-none-eabi/lib/armv7-m/libm.a(lib_a-wf_atan2.o)
                              ./system/src/drivers/tx20.o (atan2f)
/usr/bin/../lib/gcc/arm-none-eabi/5.4.1/../../../../arm-none-eabi/lib/armv7-m/libm.a(lib_a-e_pow.o)
                              /usr/bin/../lib/gcc/arm-none-eabi/5.4.1/../../../../arm-none-eabi/lib/armv7-m/libm.a(lib_a-w_pow.o) (__ieee754_pow)
/usr/bin/../lib/gcc/arm-none-eabi/5.4.1/../../../../arm-none-eabi/lib/armv7-m/libm.a(lib_a-e_sqrt.o)
                              /usr/bin/../lib/gcc/arm-none-eabi/5.4.1/../../../../arm-none-eabi/lib/armv7-m/libm.a(lib_a-e_pow.o) (__ieee754_sqrt)
/usr/bin/../lib/gcc/arm-none-eabi/5.4.1/../../../../arm-none-eabi/lib/armv7-m/libm.a(lib_a-ef_atan2.o)
                              /usr/bin/../lib/gcc/arm-none-eabi/5.4.1/../../../../arm-none-eabi/lib/armv7-m/libm.a(lib_a-wf_atan2.o) (__ieee754_atan2f)
/usr/bin/../lib/gcc/arm-none-eabi/5.4.1/../../../../arm-none-eabi/lib/armv7-m/libm.a(lib_a-ef_rem_pio2.o)
                              /usr/bin/../lib/gcc/arm-none-eabi/5.4.1/../../../../arm-none-eabi/lib/armv7-m/libm.a(lib_a-sf_cos.o) (__ieee754_rem_pio2f)
/usr/bin/../lib/gcc/arm-none-eabi/5.4.1/../../../../arm-none-eabi/lib/armv7-m/libm.a(lib_a-kf_cos.o)
                              /usr/bin/../lib/gcc/arm-none-eabi/5.4.1/../../../../arm-none-eabi/lib/armv7-m/libm.a(lib_a-sf_cos.o) (__kernel_cosf)
/usr/bin/../lib/gcc/arm-none-eabi/5.4.1/../../../../arm-none-eabi/lib/armv7-m/libm.a(lib_a-kf_rem_pio2.o)
                              /usr/bin/../lib/gcc/arm-none-eabi/5.4.1/../../../../arm-none-eabi/lib/armv7-m/libm.a(lib_a-ef_rem_pio2.o) (__kernel_rem_pio2f)
/usr/bin/../lib/gcc/arm-none-eabi/5.4.1/../../../../arm-none-eabi/lib/armv7-m/libm.a(lib_a-kf_sin.o)
                              /usr/bin/../lib/gcc/arm-none-eabi/5.4.1/../../../../arm-none-eabi/lib/armv7-m/libm.a(lib_a-sf_cos.o) (__kernel_sinf)
/usr/bin/../lib/gcc/arm-none-eabi/5.4.1/../../../../arm-none-eabi/lib/armv7-m/libm.a(lib_a-s_fabs.o)
                              /usr/bin/../lib/gcc/arm-none-eabi/5.4.1/../../../../arm-none-eabi/lib/armv7-m/libm.a(lib_a-e_pow.o) (fabs)
/usr/bin/../lib/gcc/arm-none-eabi/5.4.1/../../../../arm-none-eabi/lib/armv7-m/libm.a(lib_a-s_finite.o)
                              /usr/bin/../lib/gcc/arm-none-eabi/5.4.1/../../../../arm-none-eabi/lib/armv7-m/libm.a(lib_a-w_pow.o) (finite)
/usr/bin/../lib/gcc/arm-none-eabi/5.4.1/../../../../arm-none-eabi/lib/armv7-m/libm.a(lib_a-s_lib_ver.o)
                              /usr/bin/../lib/gcc/arm-none-eabi/5.4.1/../../../../arm-none-eabi/lib/armv7-m/libm.a(lib_a-w_pow.o) (__fdlib_version)
/usr/bin/../lib/gcc/arm-none-eabi/5.4.1/../../../../arm-none-eabi/lib/armv7-m/libm.a(lib_a-s_matherr.o)
                              /usr/bin/../lib/gcc/arm-none-eabi/5.4.1/../../../../arm-none-eabi/lib/armv7-m/libm.a(lib_a-w_pow.o) (matherr)
/usr/bin/../lib/gcc/arm-none-eabi/5.4.1/../../../../arm-none-eabi/lib/armv7-m/libm.a(lib_a-s_nan.o)
                              /usr/bin/../lib/gcc/arm-none-eabi/5.4.1/../../../../arm-none-eabi/lib/armv7-m/libm.a(lib_a-e_pow.o) (nan)
/usr/bin/../lib/gcc/arm-none-eabi/5.4.1/../../../../arm-none-eabi/lib/armv7-m/libm.a(lib_a-s_rint.o)
                              /usr/bin/../lib/gcc/arm-none-eabi/5.4.1/../../../../arm-none-eabi/lib/armv7-m/libm.a(lib_a-w_pow.o) (rint)
/usr/bin/../lib/gcc/arm-none-eabi/5.4.1/../../../../arm-none-eabi/lib/armv7-m/libm.a(lib_a-s_scalbn.o)
                              /usr/bin/../lib/gcc/arm-none-eabi/5.4.1/../../../../arm-none-eabi/lib/armv7-m/libm.a(lib_a-e_pow.o) (scalbn)
/usr/bin/../lib/gcc/arm-none-eabi/5.4.1/../../../../arm-none-eabi/lib/armv7-m/libm.a(lib_a-sf_atan.o)
                              /usr/bin/../lib/gcc/arm-none-eabi/5.4.1/../../../../arm-none-eabi/lib/armv7-m/libm.a(lib_a-ef_atan2.o) (atanf)
/usr/bin/../lib/gcc/arm-none-eabi/5.4.1/../../../../arm-none-eabi/lib/armv7-m/libm.a(lib_a-sf_fabs.o)
                              /usr/bin/../lib/gcc/arm-none-eabi/5.4.1/../../../../arm-none-eabi/lib/armv7-m/libm.a(lib_a-ef_atan2.o) (fabsf)
/usr/bin/../lib/gcc/arm-none-eabi/5.4.1/../../../../arm-none-eabi/lib/armv7-m/libm.a(lib_a-sf_floor.o)
                              /usr/bin/../lib/gcc/arm-none-eabi/5.4.1/../../../../arm-none-eabi/lib/armv7-m/libm.a(lib_a-kf_rem_pio2.o) (floorf)
[...]
Memory Configuration

Name             Origin             Length             Attributes
RAM              0x0000000020000000 0x0000000000002000 xrw
CCMRAM           0x0000000000000000 0x0000000000000000 xrw
FLASH            0x0000000008000000 0x0000000000020000 xr
FLASHB1          0x0000000000000000 0x0000000000000000 xr
EXTMEMB0         0x0000000000000000 0x0000000000000000 xr
EXTMEMB1         0x0000000000000000 0x0000000000000000 xr
EXTMEMB2         0x0000000000000000 0x0000000000000000 xr
EXTMEMB3         0x0000000000000000 0x0000000000000000 xr
MEMORY_ARRAY     0x0000000000000000 0x0000000000000000 xrw
*default*        0x0000000000000000 0xffffffffffffffff

Linker script and memory map

LOAD ./system/src/stm32f1-stdperiph/misc.o
LOAD ./system/src/stm32f1-stdperiph/stm32f10x_exti.o
LOAD ./system/src/stm32f1-stdperiph/stm32f10x_gpio.o
LOAD ./system/src/stm32f1-stdperiph/stm32f10x_i2c.o
LOAD ./system/src/stm32f1-stdperiph/stm32f10x_iwdg.o
LOAD ./system/src/stm32f1-stdperiph/stm32f10x_rcc.o
LOAD ./system/src/stm32f1-stdperiph/stm32f10x_tim.o
LOAD ./system/src/stm32f1-stdperiph/stm32f10x_usart.o
LOAD ./system/src/newlib/_cxx.o
LOAD ./system/src/newlib/_exit.o
LOAD ./system/src/newlib/_sbrk.o
LOAD ./system/src/newlib/_startup.o
LOAD ./system/src/newlib/_syscalls.o
LOAD ./system/src/newlib/assert.o
LOAD ./system/src/drivers/_dht22.o
LOAD ./system/src/drivers/dallas.o
LOAD ./system/src/drivers/flash.o
LOAD ./system/src/drivers/gpio_conf.o
LOAD ./system/src/drivers/i2c.o
LOAD ./system/src/drivers/ms5611.o
LOAD ./system/src/drivers/serial.o
LOAD ./system/src/drivers/tx20.o
LOAD ./system/src/drivers/umb-slave.o
LOAD ./system/src/drivers/user_interf.o
LOAD ./system/src/diag/Trace.o
LOAD ./system/src/diag/trace_impl.o
LOAD ./system/src/cortexm/_initialize_hardware.o
LOAD ./system/src/cortexm/_reset_hardware.o
LOAD ./system/src/cortexm/exception_handlers.o
LOAD ./system/src/cmsis/system_stm32f10x.o
LOAD ./system/src/cmsis/vectors_stm32f10x.o
LOAD ./system/src/aprs/afsk.o
LOAD ./system/src/aprs/ax25.o
LOAD ./system/src/aprs/crc.o
LOAD ./system/src/aprs/dac.o
LOAD ./system/src/aprs/raw.o
LOAD ./src/BlinkLed.o
LOAD ./src/KissCommunication.o
LOAD ./src/LedConfig.o
LOAD ./src/Timer.o
LOAD ./src/TimerConfig.o
LOAD ./src/_write.o
LOAD ./src/it_handlers.o
LOAD ./src/main.o
LOAD /usr/bin/../lib/gcc/arm-none-eabi/5.4.1/../../../../arm-none-eabi/lib/armv7-m/libstdc++_nano.a
LOAD /usr/bin/../lib/gcc/arm-none-eabi/5.4.1/../../../../arm-none-eabi/lib/armv7-m/libm.a
START GROUP
LOAD /usr/bin/../lib/gcc/arm-none-eabi/5.4.1/armv7-m/libgcc.a
LOAD /usr/bin/../lib/gcc/arm-none-eabi/5.4.1/../../../../arm-none-eabi/lib/armv7-m/libg_nano.a
LOAD /usr/bin/../lib/gcc/arm-none-eabi/5.4.1/../../../../arm-none-eabi/lib/armv7-m/libc_nano.a
END GROUP
START GROUP
LOAD /usr/bin/../lib/gcc/arm-none-eabi/5.4.1/armv7-m/libgcc.a
LOAD /usr/bin/../lib/gcc/arm-none-eabi/5.4.1/../../../../arm-none-eabi/lib/armv7-m/libc_nano.a
END GROUP
                0x0000000020002000                __stack = (ORIGIN (RAM) + LENGTH (RAM))
                0x0000000020002000                _estack = __stack
                0x0000000000000400                __Main_Stack_Size = 0x400
                [!provide]                        PROVIDE (_Main_Stack_Size, __Main_Stack_Size)
                0x0000000020001c00                __Main_Stack_Limit = (__stack - __Main_Stack_Size)
                [!provide]                        PROVIDE (_Main_Stack_Limit, __Main_Stack_Limit)
                0x0000000000000100                _Minimum_Stack_Size = 0x100
                0x0000000020000844                PROVIDE (_Heap_Begin, _end_noinit)
                0x0000000020001c00                PROVIDE (_Heap_Limit, (__stack - __Main_Stack_Size))

.isr_vector     0x0000000008000000      0x418
 FILL mask 0xff
                0x0000000008000000                __vectors_start = ABSOLUTE (.)
                0x0000000008000000                __vectors_start__ = ABSOLUTE (.)
 *(.isr_vector)
 .isr_vector    0x0000000008000000      0x1d0 ./system/src/cmsis/vectors_stm32f10x.o
                0x0000000008000000                __isr_vectors
 *(.cfmconfig)
 *(.after_vectors .after_vectors.*)
 .after_vectors
                0x00000000080001d0      0x114 ./system/src/newlib/_startup.o
                0x00000000080001d0                _start
 .after_vectors
                0x00000000080002e4      0x130 ./system/src/cortexm/exception_handlers.o
                0x00000000080002e4                Reset_Handler
                0x00000000080002ec                NMI_Handler
                0x00000000080002f0                HardFault_Handler
                0x0000000008000304                HardFault_Handler_C
                0x0000000008000364                MemManage_Handler
                0x0000000008000368                BusFault_Handler
                0x000000000800037c                BusFault_Handler_C
                0x00000000080003b0                UsageFault_Handler
                0x00000000080003c4                UsageFault_Handler_C
                0x00000000080003f8                SVC_Handler
                0x00000000080003fc                DebugMon_Handler
                0x0000000008000400                PendSV_Handler
 .after_vectors
                0x0000000008000414        0x4 ./system/src/cmsis/vectors_stm32f10x.o
                0x0000000008000414                EXTI2_IRQHandler
                0x0000000008000414                TIM8_TRG_COM_IRQHandler
                0x0000000008000414                TIM8_CC_IRQHandler
                0x0000000008000414                TIM1_CC_IRQHandler
                0x0000000008000414                TIM6_IRQHandler
                0x0000000008000414                PVD_IRQHandler
                0x0000000008000414                SDIO_IRQHandler
                0x0000000008000414                CAN2_RX1_IRQHandler
                0x0000000008000414                EXTI3_IRQHandler
                0x0000000008000414                TIM8_TRG_COM_TIM14_IRQHandler
                0x0000000008000414                TIM1_UP_TIM10_IRQHandler
                0x0000000008000414                TIM8_UP_TIM13_IRQHandler
                0x0000000008000414                EXTI0_IRQHandler
                0x0000000008000414                I2C2_EV_IRQHandler
                0x0000000008000414                CAN1_RX0_IRQHandler
                0x0000000008000414                CAN2_SCE_IRQHandler
                0x0000000008000414                ADC1_2_IRQHandler
                0x0000000008000414                SPI1_IRQHandler
                0x0000000008000414                TAMPER_IRQHandler
                0x0000000008000414                TIM6_DAC_IRQHandler
                0x0000000008000414                TIM1_BRK_TIM9_IRQHandler
                0x0000000008000414                CAN2_RX0_IRQHandler
                0x0000000008000414                TIM8_UP_IRQHandler
                0x0000000008000414                DMA2_Channel2_IRQHandler
                0x0000000008000414                DMA1_Channel4_IRQHandler
                0x0000000008000414                USART3_IRQHandler
                0x0000000008000414                RTC_IRQHandler
                0x0000000008000414                DMA1_Channel7_IRQHandler
                0x0000000008000414                CAN1_RX1_IRQHandler
                0x0000000008000414                UART5_IRQHandler
                0x0000000008000414                ADC3_IRQHandler
                0x0000000008000414                DMA2_Channel1_IRQHandler
                0x0000000008000414                DMA1_Channel6_IRQHandler
                0x0000000008000414                UART4_IRQHandler
                0x0000000008000414                DMA2_Channel4_IRQHandler
                0x0000000008000414                RCC_IRQHandler
                0x0000000008000414                TIM8_BRK_TIM12_IRQHandler
                0x0000000008000414                TIM1_TRG_COM_IRQHandler
                0x0000000008000414                DMA1_Channel1_IRQHandler
                0x0000000008000414                Default_Handler
                0x0000000008000414                CEC_IRQHandler
                0x0000000008000414                EXTI15_10_IRQHandler
                0x0000000008000414                TIM14_IRQHandler
                0x0000000008000414                TIM13_IRQHandler
                0x0000000008000414                TIM12_IRQHandler
                0x0000000008000414                TIM7_IRQHandler
                0x0000000008000414                CAN2_TX_IRQHandler
                0x0000000008000414                TIM5_IRQHandler
                0x0000000008000414                ETH_WKUP_IRQHandler
                0x0000000008000414                SPI2_IRQHandler
                0x0000000008000414                CAN1_TX_IRQHandler
                0x0000000008000414                DMA2_Channel5_IRQHandler
                0x0000000008000414                DMA1_Channel5_IRQHandler
                0x0000000008000414                USB_LP_CAN1_RX0_IRQHandler
                0x0000000008000414                TIM1_TRG_COM_TIM17_IRQHandler
                0x0000000008000414                USB_HP_CAN1_TX_IRQHandler
                0x0000000008000414                DMA1_Channel3_IRQHandler
                0x0000000008000414                FSMC_IRQHandler
                0x0000000008000414                ETH_IRQHandler
                0x0000000008000414                TIM1_UP_IRQHandler
                0x0000000008000414                WWDG_IRQHandler
                0x0000000008000414                OTG_FS_WKUP_IRQHandler
                0x0000000008000414                TIM1_TRG_COM_TIM11_IRQHandler
                0x0000000008000414                TIM1_BRK_IRQHandler
                0x0000000008000414                EXTI1_IRQHandler
                0x0000000008000414                RTCAlarm_IRQHandler
                0x0000000008000414                DMA2_Channel4_5_IRQHandler
                0x0000000008000414                USART2_IRQHandler
                0x0000000008000414                I2C2_ER_IRQHandler
                0x0000000008000414                DMA1_Channel2_IRQHandler
                0x0000000008000414                TIM8_BRK_IRQHandler
                0x0000000008000414                CAN1_SCE_IRQHandler
                0x0000000008000414                FLASH_IRQHandler
                0x0000000008000414                OTG_FS_IRQHandler
                0x0000000008000414                SPI3_IRQHandler
                0x0000000008000414                USBWakeUp_IRQHandler
                0x0000000008000414                DMA2_Channel3_IRQHandler
                0x0000000008000414                TIM1_BRK_TIM15_IRQHandler

.inits          0x0000000008000418       0x28
                0x0000000008000418                __data_regions_array_start = .
                0x0000000008000418        0x4 LONG 0x8009890 LOADADDR (.data)
                0x000000000800041c        0x4 LONG 0x20000000 ADDR (.data)
                0x0000000008000420        0x4 LONG 0x20000210 (ADDR (.data) + SIZEOF (.data))
                0x0000000008000424        0x4 LONG 0x8009890 LOADADDR (.data_CCMRAM)
                0x0000000008000428        0x4 LONG 0x0 ADDR (.data_CCMRAM)
                0x000000000800042c        0x4 LONG 0x0 (ADDR (.data_CCMRAM) + SIZEOF (.data_CCMRAM))
                0x0000000008000430                __data_regions_array_end = .
                0x0000000008000430                __bss_regions_array_start = .
                0x0000000008000430        0x4 LONG 0x20000210 ADDR (.bss)
                0x0000000008000434        0x4 LONG 0x20000844 (ADDR (.bss) + SIZEOF (.bss))
                0x0000000008000438        0x4 LONG 0x0 ADDR (.bss_CCMRAM)
                0x000000000800043c        0x4 LONG 0x0 (ADDR (.bss_CCMRAM) + SIZEOF (.bss_CCMRAM))
                0x0000000008000440                __bss_regions_array_end = .
 *(.init)
 *(.fini)
                0x0000000008000440                . = ALIGN (0x4)
                0x0000000008000440                PROVIDE (__preinit_array_start, .)
 *(.preinit_array_sysinit .preinit_array_sysinit.*)
 *(.preinit_array_platform .preinit_array_platform.*)
 *(.preinit_array .preinit_array.*)
                0x0000000008000440                PROVIDE (__preinit_array_end, .)
                0x0000000008000440                . = ALIGN (0x4)
                0x0000000008000440                PROVIDE (__init_array_start, .)
 *(SORT(.init_array.*))
 *(.init_array)
                0x0000000008000440                PROVIDE (__init_array_end, .)
                0x0000000008000440                . = ALIGN (0x4)
                0x0000000008000440                PROVIDE (__fini_array_start, .)
 *(SORT(.fini_array.*))
 *(.fini_array)
                0x0000000008000440                PROVIDE (__fini_array_end, .)

.flashtext
 *(.flashtext .flashtext.*)

.text           0x0000000008000440     0x9450
 *(.text .text.*)
 .text.EXTI_Init
                0x0000000008000440       0x90 ./system/src/stm32f1-stdperiph/stm32f10x_exti.o
                0x0000000008000440                EXTI_Init
 .text.EXTI_StructInit
                0x00000000080004d0       0x10 ./system/src/stm32f1-stdperiph/stm32f10x_exti.o
                0x00000000080004d0                EXTI_StructInit
 .text.GPIO_Init
                0x00000000080004e0       0x9c ./system/src/stm32f1-stdperiph/stm32f10x_gpio.o
                0x00000000080004e0                GPIO_Init
 .text.GPIO_StructInit
                0x000000000800057c       0x10 ./system/src/stm32f1-stdperiph/stm32f10x_gpio.o
                0x000000000800057c                GPIO_StructInit
 .text.GPIO_ReadInputDataBit
                0x000000000800058c       0x10 ./system/src/stm32f1-stdperiph/stm32f10x_gpio.o
                0x000000000800058c                GPIO_ReadInputDataBit
 .text.GPIO_SetBits
                0x000000000800059c        0x4 ./system/src/stm32f1-stdperiph/stm32f10x_gpio.o
                0x000000000800059c                GPIO_SetBits
 .text.GPIO_ResetBits
                0x00000000080005a0        0x4 ./system/src/stm32f1-stdperiph/stm32f10x_gpio.o
                0x00000000080005a0                GPIO_ResetBits
 .text.GPIO_EXTILineConfig
                0x00000000080005a4       0x34 ./system/src/stm32f1-stdperiph/stm32f10x_gpio.o
                0x00000000080005a4                GPIO_EXTILineConfig
 .text.I2C_Init
                0x00000000080005d8       0xdc ./system/src/stm32f1-stdperiph/stm32f10x_i2c.o
                0x00000000080005d8                I2C_Init
 .text.I2C_StructInit
                0x00000000080006b4       0x1c ./system/src/stm32f1-stdperiph/stm32f10x_i2c.o
                0x00000000080006b4                I2C_StructInit
 .text.I2C_Cmd  0x00000000080006d0       0x1c ./system/src/stm32f1-stdperiph/stm32f10x_i2c.o
                0x00000000080006d0                I2C_Cmd
 .text.IWDG_WriteAccessCmd
                0x00000000080006ec        0xc ./system/src/stm32f1-stdperiph/stm32f10x_iwdg.o
                0x00000000080006ec                IWDG_WriteAccessCmd
 .text.IWDG_SetPrescaler
                0x00000000080006f8        0xc ./system/src/stm32f1-stdperiph/stm32f10x_iwdg.o
                0x00000000080006f8                IWDG_SetPrescaler
 .text.IWDG_SetReload
                0x0000000008000704        0xc ./system/src/stm32f1-stdperiph/stm32f10x_iwdg.o
                0x0000000008000704                IWDG_SetReload
 .text.IWDG_ReloadCounter
                0x0000000008000710       0x10 ./system/src/stm32f1-stdperiph/stm32f10x_iwdg.o
                0x0000000008000710                IWDG_ReloadCounter
 .text.IWDG_Enable
                0x0000000008000720       0x10 ./system/src/stm32f1-stdperiph/stm32f10x_iwdg.o
                0x0000000008000720                IWDG_Enable
 .text.RCC_GetClocksFreq
                0x0000000008000730       0xb4 ./system/src/stm32f1-stdperiph/stm32f10x_rcc.o
                0x0000000008000730                RCC_GetClocksFreq
 .text.USART_Init
                0x00000000080007e4       0xc8 ./system/src/stm32f1-stdperiph/stm32f10x_usart.o
                0x00000000080007e4                USART_Init
 .text._exit    0x00000000080008ac        0x4 ./system/src/newlib/_exit.o
                0x00000000080008ac                _exit
 .text._sbrk    0x00000000080008b0       0x44 ./system/src/newlib/_sbrk.o
                0x00000000080008b0                _sbrk
 .text.__initialize_args
                0x00000000080008f4       0x10 ./system/src/newlib/_syscalls.o
                0x00000000080008f4                __initialize_args
 .text.dht22_init
                0x0000000008000904       0xac ./system/src/drivers/_dht22.o
                0x0000000008000904                dht22_init
 .text.dht22_comm
                0x00000000080009b0       0xd0 ./system/src/drivers/_dht22.o
                0x00000000080009b0                dht22_comm
 .text.EXTI4_IRQHandler
                0x0000000008000a80       0x94 ./system/src/drivers/_dht22.o
                0x0000000008000a80                EXTI4_IRQHandler
 .text.dht22_decode
                0x0000000008000b14      0x1c4 ./system/src/drivers/_dht22.o
                0x0000000008000b14                dht22_decode
 .text.dht22_timeout_keeper
                0x0000000008000cd8       0x34 ./system/src/drivers/_dht22.o
                0x0000000008000cd8                dht22_timeout_keeper
 .text.TIM2_IRQHandler
                0x0000000008000d0c       0x28 ./system/src/drivers/dallas.o
                0x0000000008000d0c                TIM2_IRQHandler
 .text.DallasInit
                0x0000000008000d34       0x40 ./system/src/drivers/dallas.o
                0x0000000008000d34                DallasInit
 .text.DallasConfigTimer
                0x0000000008000d74       0x30 ./system/src/drivers/dallas.o
                0x0000000008000d74                DallasConfigTimer
 .text.DallasDeConfigTimer
                0x0000000008000da4       0x30 ./system/src/drivers/dallas.o
                0x0000000008000da4                DallasDeConfigTimer
 .text.DallasReset
                0x0000000008000dd4       0x94 ./system/src/drivers/dallas.o
                0x0000000008000dd4                DallasReset
 .text.DallasSendByte
                0x0000000008000e68       0xd0 ./system/src/drivers/dallas.o
                0x0000000008000e68                DallasSendByte
 .text.DallasReceiveByte
                0x0000000008000f38      0x110 ./system/src/drivers/dallas.o
                0x0000000008000f38                DallasReceiveByte
 .text.DallasQuery
                0x0000000008001048      0x184 ./system/src/drivers/dallas.o
                0x0000000008001048                DallasQuery
 .text.CalculateCRC8
                0x00000000080011cc       0x40 ./system/src/drivers/dallas.o
                0x00000000080011cc                CalculateCRC8
 .text.Configure_GPIO
                0x000000000800120c       0x28 ./system/src/drivers/gpio_conf.o
                0x000000000800120c                Configure_GPIO
 .text.i2cConfigure
                0x0000000008001234       0xe4 ./system/src/drivers/i2c.o
                0x0000000008001234                i2cConfigure
 .text.i2cSendData
                0x0000000008001318       0x64 ./system/src/drivers/i2c.o
                0x0000000008001318                i2cSendData
 .text.i2cReceiveData
                0x000000000800137c       0x38 ./system/src/drivers/i2c.o
                0x000000000800137c                i2cReceiveData
 .text.I2C1_ER_IRQHandler
                0x00000000080013b4       0xdc ./system/src/drivers/i2c.o
                0x00000000080013b4                I2C1_ER_IRQHandler
 .text.i2cVariableReset
                0x0000000008001490       0x24 ./system/src/drivers/i2c.o
                0x0000000008001490                i2cVariableReset
 .text.I2C1_EV_IRQHandler
                0x00000000080014b4      0x20c ./system/src/drivers/i2c.o
                0x00000000080014b4                I2C1_EV_IRQHandler
 .text.SensorReset
                0x00000000080016c0       0x3c ./system/src/drivers/ms5611.o
                0x00000000080016c0                SensorReset
 .text.SensorStartMeas
                0x00000000080016fc       0xe8 ./system/src/drivers/ms5611.o
                0x00000000080016fc                SensorStartMeas
 .text.SensorBringTemperature
                0x00000000080017e4       0xb0 ./system/src/drivers/ms5611.o
                0x00000000080017e4                SensorBringTemperature
 .text.SensorBringPressure
                0x0000000008001894      0x180 ./system/src/drivers/ms5611.o
                0x0000000008001894                SensorBringPressure
 .text.crc4     0x0000000008001a14       0x68 ./system/src/drivers/ms5611.o
                0x0000000008001a14                crc4
 .text.SensorReadCalData
                0x0000000008001a7c       0x84 ./system/src/drivers/ms5611.o
                0x0000000008001a7c                SensorReadCalData
 .text.CalcQNHFromQFE
                0x0000000008001b00       0xc4 ./system/src/drivers/ms5611.o
                0x0000000008001b00                CalcQNHFromQFE
 .text.SrlConfig
                0x0000000008001bc4       0xc4 ./system/src/drivers/serial.o
                0x0000000008001bc4                SrlConfig
 .text.SrlStartTX
                0x0000000008001c88       0x7c ./system/src/drivers/serial.o
                0x0000000008001c88                SrlStartTX
 .text.SrlReceiveData
                0x0000000008001d04       0xa8 ./system/src/drivers/serial.o
                0x0000000008001d04                SrlReceiveData
 .text.USART1_IRQHandler
                0x0000000008001dac      0x240 ./system/src/drivers/serial.o
                0x0000000008001dac                USART1_IRQHandler
 .text.TX20Init
                0x0000000008001fec       0xf4 ./system/src/drivers/tx20.o
                0x0000000008001fec                TX20Init
 .text.TX20DataAverage
                0x00000000080020e0      0x1a4 ./system/src/drivers/tx20.o
                0x00000000080020e0                TX20DataAverage
 .text.TX20FindMaxSpeed
                0x0000000008002284       0x2c ./system/src/drivers/tx20.o
                0x0000000008002284                TX20FindMaxSpeed
 .text.TX20DataParse
                0x00000000080022b0      0x12c ./system/src/drivers/tx20.o
                0x00000000080022b0                TX20DataParse
 .text.TX20Batch
                0x00000000080023dc      0x13c ./system/src/drivers/tx20.o
                0x00000000080023dc                TX20Batch
 .text.EXTI9_5_IRQHandler
                0x0000000008002518       0x2c ./system/src/drivers/tx20.o
                0x0000000008002518                EXTI9_5_IRQHandler
 .text.TIM1_UP_TIM16_IRQHandler
                0x0000000008002544       0x1c ./system/src/drivers/tx20.o
                0x0000000008002544                TIM1_UP_TIM16_IRQHandler
 .text.UmbStatusRequestResponse
                0x0000000008002560       0x18 ./system/src/drivers/umb-slave.o
                0x0000000008002560                UmbStatusRequestResponse
 .text.UmbClearMessageStruct
                0x0000000008002578       0x24 ./system/src/drivers/umb-slave.o
                0x0000000008002578                UmbClearMessageStruct
 .text.UmbSlaveListen
                0x000000000800259c       0x58 ./system/src/drivers/umb-slave.o
                0x000000000800259c                UmbSlaveListen
 .text.UmbDeviceInformationRequestResponse
                0x00000000080025f4      0x66c ./system/src/drivers/umb-slave.o
                0x00000000080025f4                UmbDeviceInformationRequestResponse
 .text.UmbOnlineDataRequestResponse
                0x0000000008002c60      0x140 ./system/src/drivers/umb-slave.o
                0x0000000008002c60                UmbOnlineDataRequestResponse
 .text.UmbMultiOnlineDataRequestResponse
                0x0000000008002da0      0x2c0 ./system/src/drivers/umb-slave.o
                0x0000000008002da0                UmbMultiOnlineDataRequestResponse
 .text.calc_crc
                0x0000000008003060       0x28 ./system/src/drivers/umb-slave.o
                0x0000000008003060                calc_crc
 .text.UmbSlavePool
                0x0000000008003088       0xe0 ./system/src/drivers/umb-slave.o
                0x0000000008003088                UmbSlavePool
 .text.UmbPrepareFrameToSend
                0x0000000008003168       0xa4 ./system/src/drivers/umb-slave.o
                0x0000000008003168                UmbPrepareFrameToSend
 .text.trace_printf
                0x000000000800320c       0x30 ./system/src/diag/Trace.o
                0x000000000800320c                trace_printf
 .text._trace_write_semihosting_debug
                0x000000000800323c       0x64 ./system/src/diag/trace_impl.o
 .text.trace_write
                0x00000000080032a0        0x8 ./system/src/diag/trace_impl.o
                0x00000000080032a0                trace_write
 .text.__initialize_hardware_early
                0x00000000080032a8       0x18 ./system/src/cortexm/_initialize_hardware.o
                0x00000000080032a8                __initialize_hardware_early
 .text.__initialize_hardware
                0x00000000080032c0        0x8 ./system/src/cortexm/_initialize_hardware.o
                0x00000000080032c0                __initialize_hardware
 .text.dumpExceptionStack
                0x00000000080032c8       0xf0 ./system/src/cortexm/exception_handlers.o
                0x00000000080032c8                dumpExceptionStack
 .text.isSemihosting
                0x00000000080033b8       0x20 ./system/src/cortexm/exception_handlers.o
                0x00000000080033b8                isSemihosting
 .text.SetSysClockTo24
                0x00000000080033d8       0xa0 ./system/src/cmsis/system_stm32f10x.o
 .text.SetSysClock
                0x0000000008003478        0x8 ./system/src/cmsis/system_stm32f10x.o
 .text.SystemInit
                0x0000000008003480       0x54 ./system/src/cmsis/system_stm32f10x.o
                0x0000000008003480                SystemInit
 .text.SystemCoreClockUpdate
                0x00000000080034d4       0x8c ./system/src/cmsis/system_stm32f10x.o
                0x00000000080034d4                SystemCoreClockUpdate
 .text.LedConfig
                0x0000000008003560       0x64 ./src/LedConfig.o
                0x0000000008003560                LedConfig
 .text.SysTick_Handler
                0x00000000080035c4       0x14 ./src/Timer.o
                0x00000000080035c4                SysTick_Handler
 .text.TimerConfig
                0x00000000080035d8       0x40 ./src/TimerConfig.o
                0x00000000080035d8                TimerConfig
 .text.EventTimerConfig
                0x0000000008003618       0x50 ./src/TimerConfig.o
                0x0000000008003618                EventTimerConfig
 .text.TIM3_IRQHandler
                0x0000000008003668       0xf8 ./src/it_handlers.o
                0x0000000008003668                TIM3_IRQHandler
 .text.TIM4_IRQHandler
                0x0000000008003760       0x2c ./src/it_handlers.o
                0x0000000008003760                TIM4_IRQHandler
 .text.main     0x000000000800378c      0x308 ./src/main.o
                0x000000000800378c                main
 .text.cosf     0x0000000008003a94       0x78 /usr/bin/../lib/gcc/arm-none-eabi/5.4.1/../../../../arm-none-eabi/lib/armv7-m/libm.a(lib_a-sf_cos.o)
                0x0000000008003a94                cosf
 .text.sinf     0x0000000008003b0c       0x7c /usr/bin/../lib/gcc/arm-none-eabi/5.4.1/../../../../arm-none-eabi/lib/armv7-m/libm.a(lib_a-sf_sin.o)
                0x0000000008003b0c                sinf
 .text.pow      0x0000000008003b88      0x330 /usr/bin/../lib/gcc/arm-none-eabi/5.4.1/../../../../arm-none-eabi/lib/armv7-m/libm.a(lib_a-w_pow.o)
                0x0000000008003b88                pow
 .text.atan2f   0x0000000008003eb8        0x4 /usr/bin/../lib/gcc/arm-none-eabi/5.4.1/../../../../arm-none-eabi/lib/armv7-m/libm.a(lib_a-wf_atan2.o)
                0x0000000008003eb8                atan2f
 *fill*         0x0000000008003ebc        0x4 
 .text.__ieee754_pow
                0x0000000008003ec0      0xac4 /usr/bin/../lib/gcc/arm-none-eabi/5.4.1/../../../../arm-none-eabi/lib/armv7-m/libm.a(lib_a-e_pow.o)
                0x0000000008003ec0                __ieee754_pow
 .text.__ieee754_sqrt
                0x0000000008004984      0x188 /usr/bin/../lib/gcc/arm-none-eabi/5.4.1/../../../../arm-none-eabi/lib/armv7-m/libm.a(lib_a-e_sqrt.o)
                0x0000000008004984                __ieee754_sqrt
 .text.__ieee754_atan2f
                0x0000000008004b0c      0x124 /usr/bin/../lib/gcc/arm-none-eabi/5.4.1/../../../../arm-none-eabi/lib/armv7-m/libm.a(lib_a-ef_atan2.o)
                0x0000000008004b0c                __ieee754_atan2f
 .text.__ieee754_rem_pio2f
                0x0000000008004c30      0x2e4 /usr/bin/../lib/gcc/arm-none-eabi/5.4.1/../../../../arm-none-eabi/lib/armv7-m/libm.a(lib_a-ef_rem_pio2.o)
                0x0000000008004c30                __ieee754_rem_pio2f
 .text.__kernel_cosf
                0x0000000008004f14      0x188 /usr/bin/../lib/gcc/arm-none-eabi/5.4.1/../../../../arm-none-eabi/lib/armv7-m/libm.a(lib_a-kf_cos.o)
                0x0000000008004f14                __kernel_cosf
 .text.__kernel_rem_pio2f
                0x000000000800509c      0x6a0 /usr/bin/../lib/gcc/arm-none-eabi/5.4.1/../../../../arm-none-eabi/lib/armv7-m/libm.a(lib_a-kf_rem_pio2.o)
                0x000000000800509c                __kernel_rem_pio2f
 .text.__kernel_sinf
                0x000000000800573c       0xec /usr/bin/../lib/gcc/arm-none-eabi/5.4.1/../../../../arm-none-eabi/lib/armv7-m/libm.a(lib_a-kf_sin.o)
                0x000000000800573c                __kernel_sinf
 .text.fabs     0x0000000008005828        0x8 /usr/bin/../lib/gcc/arm-none-eabi/5.4.1/../../../../arm-none-eabi/lib/armv7-m/libm.a(lib_a-s_fabs.o)
                0x0000000008005828                fabs
 .text.finite   0x0000000008005830        0xc /usr/bin/../lib/gcc/arm-none-eabi/5.4.1/../../../../arm-none-eabi/lib/armv7-m/libm.a(lib_a-s_finite.o)
                0x0000000008005830                finite
 .text.matherr  0x000000000800583c        0x4 /usr/bin/../lib/gcc/arm-none-eabi/5.4.1/../../../../arm-none-eabi/lib/armv7-m/libm.a(lib_a-s_matherr.o)
                0x000000000800583c                matherr
 .text.nan      0x0000000008005840        0xc /usr/bin/../lib/gcc/arm-none-eabi/5.4.1/../../../../arm-none-eabi/lib/armv7-m/libm.a(lib_a-s_nan.o)
                0x0000000008005840                nan
 .text.rint     0x000000000800584c      0x120 /usr/bin/../lib/gcc/arm-none-eabi/5.4.1/../../../../arm-none-eabi/lib/armv7-m/libm.a(lib_a-s_rint.o)
                0x000000000800584c                rint
 *fill*         0x000000000800596c        0x4 
 .text.scalbn   0x0000000008005970       0xe4 /usr/bin/../lib/gcc/arm-none-eabi/5.4.1/../../../../arm-none-eabi/lib/armv7-m/libm.a(lib_a-s_scalbn.o)
                0x0000000008005970                scalbn
 .text.atanf    0x0000000008005a54      0x22c /usr/bin/../lib/gcc/arm-none-eabi/5.4.1/../../../../arm-none-eabi/lib/armv7-m/libm.a(lib_a-sf_atan.o)
                0x0000000008005a54                atanf
 .text.fabsf    0x0000000008005c80        0x8 /usr/bin/../lib/gcc/arm-none-eabi/5.4.1/../../../../arm-none-eabi/lib/armv7-m/libm.a(lib_a-sf_fabs.o)
                0x0000000008005c80                fabsf
 .text.floorf   0x0000000008005c88       0x8c /usr/bin/../lib/gcc/arm-none-eabi/5.4.1/../../../../arm-none-eabi/lib/armv7-m/libm.a(lib_a-sf_floor.o)
                0x0000000008005c88                floorf
 .text.scalbnf  0x0000000008005d14       0xb0 /usr/bin/../lib/gcc/arm-none-eabi/5.4.1/../../../../arm-none-eabi/lib/armv7-m/libm.a(lib_a-sf_scalbn.o)
                0x0000000008005d14                scalbnf
 .text.copysign
                0x0000000008005dc4       0x10 /usr/bin/../lib/gcc/arm-none-eabi/5.4.1/../../../../arm-none-eabi/lib/armv7-m/libm.a(lib_a-s_copysign.o)
                0x0000000008005dc4                copysign
 .text.copysignf
                0x0000000008005dd4        0xc /usr/bin/../lib/gcc/arm-none-eabi/5.4.1/../../../../arm-none-eabi/lib/armv7-m/libm.a(lib_a-sf_copysign.o)
                0x0000000008005dd4                copysignf
 .text          0x0000000008005de0      0x370 /usr/bin/../lib/gcc/arm-none-eabi/5.4.1/armv7-m/libgcc.a(_arm_addsubdf3.o)
                0x0000000008005de0                __aeabi_drsub
                0x0000000008005de8                __aeabi_dsub
                0x0000000008005de8                __subdf3
                0x0000000008005dec                __adddf3
                0x0000000008005dec                __aeabi_dadd
                0x0000000008006064                __aeabi_ui2d
                0x0000000008006064                __floatunsidf
                0x0000000008006084                __floatsidf
                0x0000000008006084                __aeabi_i2d
                0x00000000080060a8                __extendsfdf2
                0x00000000080060a8                __aeabi_f2d
                0x00000000080060e4                __aeabi_ul2d
                0x00000000080060e4                __floatundidf
                0x00000000080060f4                __floatdidf
                0x00000000080060f4                __aeabi_l2d
 .text          0x0000000008006150      0x424 /usr/bin/../lib/gcc/arm-none-eabi/5.4.1/armv7-m/libgcc.a(_arm_muldivdf3.o)
                0x0000000008006150                __aeabi_dmul
                0x0000000008006150                __muldf3
                0x00000000080063a4                __aeabi_ddiv
                0x00000000080063a4                __divdf3
 .text          0x0000000008006574      0x110 /usr/bin/../lib/gcc/arm-none-eabi/5.4.1/armv7-m/libgcc.a(_arm_cmpdf2.o)
                0x0000000008006574                __gtdf2
                0x0000000008006574                __gedf2
                0x000000000800657c                __ltdf2
                0x000000000800657c                __ledf2
                0x0000000008006584                __cmpdf2
                0x0000000008006584                __eqdf2
                0x0000000008006584                __nedf2
                0x0000000008006600                __aeabi_cdrcmple
                0x0000000008006610                __aeabi_cdcmple
                0x0000000008006610                __aeabi_cdcmpeq
                0x0000000008006620                __aeabi_dcmpeq
                0x0000000008006634                __aeabi_dcmplt
                0x0000000008006648                __aeabi_dcmple
                0x000000000800665c                __aeabi_dcmpge
                0x0000000008006670                __aeabi_dcmpgt
 .text          0x0000000008006684       0x2c /usr/bin/../lib/gcc/arm-none-eabi/5.4.1/armv7-m/libgcc.a(_arm_unorddf2.o)
                0x0000000008006684                __aeabi_dcmpun
                0x0000000008006684                __unorddf2
 .text          0x00000000080066b0       0x50 /usr/bin/../lib/gcc/arm-none-eabi/5.4.1/armv7-m/libgcc.a(_arm_fixdfsi.o)
                0x00000000080066b0                __fixdfsi
                0x00000000080066b0                __aeabi_d2iz
 .text          0x0000000008006700       0x40 /usr/bin/../lib/gcc/arm-none-eabi/5.4.1/armv7-m/libgcc.a(_arm_fixunsdfsi.o)
                0x0000000008006700                __fixunsdfsi
                0x0000000008006700                __aeabi_d2uiz
 .text          0x0000000008006740       0xa0 /usr/bin/../lib/gcc/arm-none-eabi/5.4.1/armv7-m/libgcc.a(_arm_truncdfsf2.o)
                0x0000000008006740                __aeabi_d2f
                0x0000000008006740                __truncdfsf2
 .text          0x00000000080067e0      0x21c /usr/bin/../lib/gcc/arm-none-eabi/5.4.1/armv7-m/libgcc.a(_arm_addsubsf3.o)
                0x00000000080067e0                __aeabi_frsub
                0x00000000080067e8                __subsf3
                0x00000000080067e8                __aeabi_fsub
                0x00000000080067ec                __aeabi_fadd
                0x00000000080067ec                __addsf3
                0x000000000800694c                __aeabi_ui2f
                0x000000000800694c                __floatunsisf
                0x0000000008006954                __aeabi_i2f
                0x0000000008006954                __floatsisf
                0x0000000008006970                __floatundisf
                0x0000000008006970                __aeabi_ul2f
                0x0000000008006980                __floatdisf
                0x0000000008006980                __aeabi_l2f
 .text          0x00000000080069fc      0x2a0 /usr/bin/../lib/gcc/arm-none-eabi/5.4.1/armv7-m/libgcc.a(_arm_muldivsf3.o)
                0x00000000080069fc                __mulsf3
                0x00000000080069fc                __aeabi_fmul
                0x0000000008006b64                __divsf3
                0x0000000008006b64                __aeabi_fdiv
 .text          0x0000000008006c9c       0xec /usr/bin/../lib/gcc/arm-none-eabi/5.4.1/armv7-m/libgcc.a(_arm_cmpsf2.o)
                0x0000000008006c9c                __gtsf2
                0x0000000008006c9c                __gesf2
                0x0000000008006ca4                __lesf2
                0x0000000008006ca4                __ltsf2
                0x0000000008006cac                __nesf2
                0x0000000008006cac                __eqsf2
                0x0000000008006cac                __cmpsf2
                0x0000000008006d0c                __aeabi_cfrcmple
                0x0000000008006d14                __aeabi_cfcmple
                0x0000000008006d14                __aeabi_cfcmpeq
                0x0000000008006d24                __aeabi_fcmpeq
                0x0000000008006d38                __aeabi_fcmplt
                0x0000000008006d4c                __aeabi_fcmple
                0x0000000008006d60                __aeabi_fcmpge
                0x0000000008006d74                __aeabi_fcmpgt
 .text          0x0000000008006d88       0x4c /usr/bin/../lib/gcc/arm-none-eabi/5.4.1/armv7-m/libgcc.a(_arm_fixsfsi.o)
                0x0000000008006d88                __fixsfsi
                0x0000000008006d88                __aeabi_f2iz
 .text          0x0000000008006dd4       0x40 /usr/bin/../lib/gcc/arm-none-eabi/5.4.1/armv7-m/libgcc.a(_arm_fixunssfsi.o)
                0x0000000008006dd4                __aeabi_f2uiz
                0x0000000008006dd4                __fixunssfsi
 .text          0x0000000008006e14       0x30 /usr/bin/../lib/gcc/arm-none-eabi/5.4.1/armv7-m/libgcc.a(_fixdfdi.o)
                0x0000000008006e14                __aeabi_d2lz
                0x0000000008006e14                __fixdfdi
 .text          0x0000000008006e44       0x48 /usr/bin/../lib/gcc/arm-none-eabi/5.4.1/armv7-m/libgcc.a(_fixunsdfdi.o)
                0x0000000008006e44                __aeabi_d2ulz
                0x0000000008006e44                __fixunsdfdi
 .text.__errno  0x0000000008006e8c        0xc /usr/bin/../lib/gcc/arm-none-eabi/5.4.1/../../../../arm-none-eabi/lib/armv7-m/libg_nano.a(lib_a-errno.o)
                0x0000000008006e8c                __errno
 .text.memcpy   0x0000000008006e98       0x16 /usr/bin/../lib/gcc/arm-none-eabi/5.4.1/../../../../arm-none-eabi/lib/armv7-m/libg_nano.a(lib_a-memcpy-stub.o)
                0x0000000008006e98                memcpy
 .text.memset   0x0000000008006eae       0x10 /usr/bin/../lib/gcc/arm-none-eabi/5.4.1/../../../../arm-none-eabi/lib/armv7-m/libg_nano.a(lib_a-memset.o)
                0x0000000008006eae                memset
 .text.__cvt    0x0000000008006ebe       0xc0 /usr/bin/../lib/gcc/arm-none-eabi/5.4.1/../../../../arm-none-eabi/lib/armv7-m/libg_nano.a(lib_a-nano-vfprintf_float.o)
                0x0000000008006ebe                __cvt
 .text.__exponent
                0x0000000008006f7e       0x62 /usr/bin/../lib/gcc/arm-none-eabi/5.4.1/../../../../arm-none-eabi/lib/armv7-m/libg_nano.a(lib_a-nano-vfprintf_float.o)
                0x0000000008006f7e                __exponent
 .text._printf_float
                0x0000000008006fe0      0x488 /usr/bin/../lib/gcc/arm-none-eabi/5.4.1/../../../../arm-none-eabi/lib/armv7-m/libg_nano.a(lib_a-nano-vfprintf_float.o)
                0x0000000008006fe0                _printf_float
 .text._printf_common
                0x0000000008007468       0xec /usr/bin/../lib/gcc/arm-none-eabi/5.4.1/../../../../arm-none-eabi/lib/armv7-m/libg_nano.a(lib_a-nano-vfprintf_i.o)
                0x0000000008007468                _printf_common
 .text._printf_i
                0x0000000008007554      0x24c /usr/bin/../lib/gcc/arm-none-eabi/5.4.1/../../../../arm-none-eabi/lib/armv7-m/libg_nano.a(lib_a-nano-vfprintf_i.o)
                0x0000000008007554                _printf_i
 .text.sprintf  0x00000000080077a0       0x48 /usr/bin/../lib/gcc/arm-none-eabi/5.4.1/../../../../arm-none-eabi/lib/armv7-m/libg_nano.a(lib_a-sprintf.o)
                0x00000000080077a0                sprintf
                0x00000000080077a0                siprintf
 .text          0x00000000080077e8       0x10 /usr/bin/../lib/gcc/arm-none-eabi/5.4.1/../../../../arm-none-eabi/lib/armv7-m/libg_nano.a(lib_a-strlen.o)
                0x00000000080077e8                strlen
 .text._vsnprintf_r
                0x00000000080077f8       0x56 /usr/bin/../lib/gcc/arm-none-eabi/5.4.1/../../../../arm-none-eabi/lib/armv7-m/libg_nano.a(lib_a-vsnprintf.o)
                0x00000000080077f8                _vsnprintf_r
                0x00000000080077f8                _vsniprintf_r
 *fill*         0x000000000800784e        0x2 
 .text.vsnprintf
                0x0000000008007850       0x1c /usr/bin/../lib/gcc/arm-none-eabi/5.4.1/../../../../arm-none-eabi/lib/armv7-m/libg_nano.a(lib_a-vsnprintf.o)
                0x0000000008007850                vsnprintf
                0x0000000008007850                vsniprintf
 .text.quorem   0x000000000800786c      0x116 /usr/bin/../lib/gcc/arm-none-eabi/5.4.1/../../../../arm-none-eabi/lib/armv7-m/libg_nano.a(lib_a-dtoa.o)
 *fill*         0x0000000008007982        0x6 
 .text._dtoa_r  0x0000000008007988      0xb30 /usr/bin/../lib/gcc/arm-none-eabi/5.4.1/../../../../arm-none-eabi/lib/armv7-m/libg_nano.a(lib_a-dtoa.o)
                0x0000000008007988                _dtoa_r
 .text._localeconv_r
                0x00000000080084b8       0x1c /usr/bin/../lib/gcc/arm-none-eabi/5.4.1/../../../../arm-none-eabi/lib/armv7-m/libg_nano.a(lib_a-localeconv.o)
                0x00000000080084b8                _localeconv_r
 .text.malloc   0x00000000080084d4       0x10 /usr/bin/../lib/gcc/arm-none-eabi/5.4.1/../../../../arm-none-eabi/lib/armv7-m/libg_nano.a(lib_a-malloc.o)
                0x00000000080084d4                malloc
 .text.memchr   0x00000000080084e4       0x1c /usr/bin/../lib/gcc/arm-none-eabi/5.4.1/../../../../arm-none-eabi/lib/armv7-m/libg_nano.a(lib_a-memchr-stub.o)
                0x00000000080084e4                memchr
 .text._Balloc  0x0000000008008500       0x6a /usr/bin/../lib/gcc/arm-none-eabi/5.4.1/../../../../arm-none-eabi/lib/armv7-m/libg_nano.a(lib_a-mprec.o)
                0x0000000008008500                _Balloc
 .text._Bfree   0x000000000800856a       0x2e /usr/bin/../lib/gcc/arm-none-eabi/5.4.1/../../../../arm-none-eabi/lib/armv7-m/libg_nano.a(lib_a-mprec.o)
                0x000000000800856a                _Bfree
 .text.__multadd
                0x0000000008008598       0x76 /usr/bin/../lib/gcc/arm-none-eabi/5.4.1/../../../../arm-none-eabi/lib/armv7-m/libg_nano.a(lib_a-mprec.o)
                0x0000000008008598                __multadd
 .text.__hi0bits
                0x000000000800860e       0x40 /usr/bin/../lib/gcc/arm-none-eabi/5.4.1/../../../../arm-none-eabi/lib/armv7-m/libg_nano.a(lib_a-mprec.o)
                0x000000000800860e                __hi0bits
 .text.__lo0bits
                0x000000000800864e       0x5a /usr/bin/../lib/gcc/arm-none-eabi/5.4.1/../../../../arm-none-eabi/lib/armv7-m/libg_nano.a(lib_a-mprec.o)
                0x000000000800864e                __lo0bits
 .text.__i2b    0x00000000080086a8       0x12 /usr/bin/../lib/gcc/arm-none-eabi/5.4.1/../../../../arm-none-eabi/lib/armv7-m/libg_nano.a(lib_a-mprec.o)
                0x00000000080086a8                __i2b
 .text.__multiply
                0x00000000080086ba      0x120 /usr/bin/../lib/gcc/arm-none-eabi/5.4.1/../../../../arm-none-eabi/lib/armv7-m/libg_nano.a(lib_a-mprec.o)
                0x00000000080086ba                __multiply
 *fill*         0x00000000080087da        0x2 
 .text.__pow5mult
                0x00000000080087dc       0x9c /usr/bin/../lib/gcc/arm-none-eabi/5.4.1/../../../../arm-none-eabi/lib/armv7-m/libg_nano.a(lib_a-mprec.o)
                0x00000000080087dc                __pow5mult
 .text.__lshift
                0x0000000008008878       0xa2 /usr/bin/../lib/gcc/arm-none-eabi/5.4.1/../../../../arm-none-eabi/lib/armv7-m/libg_nano.a(lib_a-mprec.o)
                0x0000000008008878                __lshift
 .text.__mcmp   0x000000000800891a       0x38 /usr/bin/../lib/gcc/arm-none-eabi/5.4.1/../../../../arm-none-eabi/lib/armv7-m/libg_nano.a(lib_a-mprec.o)
                0x000000000800891a                __mcmp
 .text.__mdiff  0x0000000008008952       0xbe /usr/bin/../lib/gcc/arm-none-eabi/5.4.1/../../../../arm-none-eabi/lib/armv7-m/libg_nano.a(lib_a-mprec.o)
                0x0000000008008952                __mdiff
 .text.__d2b    0x0000000008008a10       0x9c /usr/bin/../lib/gcc/arm-none-eabi/5.4.1/../../../../arm-none-eabi/lib/armv7-m/libg_nano.a(lib_a-mprec.o)
                0x0000000008008a10                __d2b
 .text._calloc_r
                0x0000000008008aac       0x1c /usr/bin/../lib/gcc/arm-none-eabi/5.4.1/../../../../arm-none-eabi/lib/armv7-m/libg_nano.a(lib_a-nano-callocr.o)
                0x0000000008008aac                _calloc_r
 .text._free_r  0x0000000008008ac8       0x98 /usr/bin/../lib/gcc/arm-none-eabi/5.4.1/../../../../arm-none-eabi/lib/armv7-m/libg_nano.a(lib_a-nano-freer.o)
                0x0000000008008ac8                _free_r
 .text._malloc_r
                0x0000000008008b60       0xbc /usr/bin/../lib/gcc/arm-none-eabi/5.4.1/../../../../arm-none-eabi/lib/armv7-m/libg_nano.a(lib_a-nano-mallocr.o)
                0x0000000008008b60                _malloc_r
 .text.__ssputs_r
                0x0000000008008c1c       0xb2 /usr/bin/../lib/gcc/arm-none-eabi/5.4.1/../../../../arm-none-eabi/lib/armv7-m/libg_nano.a(lib_a-nano-svfprintf.o)
                0x0000000008008c1c                __ssputs_r
 *fill*         0x0000000008008cce        0x2 
 .text._svfprintf_r
                0x0000000008008cd0      0x1e8 /usr/bin/../lib/gcc/arm-none-eabi/5.4.1/../../../../arm-none-eabi/lib/armv7-m/libg_nano.a(lib_a-nano-svfprintf.o)
                0x0000000008008cd0                _svfprintf_r
                0x0000000008008cd0                _svfiprintf_r
 .text._sbrk_r  0x0000000008008eb8       0x20 /usr/bin/../lib/gcc/arm-none-eabi/5.4.1/../../../../arm-none-eabi/lib/armv7-m/libg_nano.a(lib_a-sbrkr.o)
                0x0000000008008eb8                _sbrk_r
 .text.__ascii_mbtowc
                0x0000000008008ed8       0x24 /usr/bin/../lib/gcc/arm-none-eabi/5.4.1/../../../../arm-none-eabi/lib/armv7-m/libg_nano.a(lib_a-mbtowc_r.o)
                0x0000000008008ed8                __ascii_mbtowc
 .text.memmove  0x0000000008008efc       0x36 /usr/bin/../lib/gcc/arm-none-eabi/5.4.1/../../../../arm-none-eabi/lib/armv7-m/libg_nano.a(lib_a-memmove.o)
                0x0000000008008efc                memmove
 .text.__malloc_lock
                0x0000000008008f32        0x2 /usr/bin/../lib/gcc/arm-none-eabi/5.4.1/../../../../arm-none-eabi/lib/armv7-m/libg_nano.a(lib_a-mlock.o)
                0x0000000008008f32                __malloc_lock
 .text.__malloc_unlock
                0x0000000008008f34        0x2 /usr/bin/../lib/gcc/arm-none-eabi/5.4.1/../../../../arm-none-eabi/lib/armv7-m/libg_nano.a(lib_a-mlock.o)
                0x0000000008008f34                __malloc_unlock
 .text._realloc_r
                0x0000000008008f36       0x4c /usr/bin/../lib/gcc/arm-none-eabi/5.4.1/../../../../arm-none-eabi/lib/armv7-m/libg_nano.a(lib_a-nano-reallocr.o)
                0x0000000008008f36                _realloc_r
 .text.__ascii_wctomb
                0x0000000008008f82       0x1a /usr/bin/../lib/gcc/arm-none-eabi/5.4.1/../../../../arm-none-eabi/lib/armv7-m/libg_nano.a(lib_a-wctomb_r.o)
                0x0000000008008f82                __ascii_wctomb
 .text._malloc_usable_size_r
                0x0000000008008f9c       0x14 /usr/bin/../lib/gcc/arm-none-eabi/5.4.1/../../../../arm-none-eabi/lib/armv7-m/libg_nano.a(lib_a-nano-msizer.o)
                0x0000000008008f9c                _malloc_usable_size_r
 *(.rodata .rodata.* .constdata .constdata.*)
 .rodata.str1.4
                0x0000000008008fb0      0x120 ./system/src/drivers/umb-slave.o
 .rodata.str1.4
                0x00000000080090d0      0x146 ./system/src/cortexm/exception_handlers.o
 *fill*         0x0000000008009216        0x2 
 .rodata.str1.4
                0x0000000008009218        0xf ./src/main.o
 *fill*         0x0000000008009227        0x1 
 .rodata.str1.4
                0x0000000008009228        0x4 /usr/bin/../lib/gcc/arm-none-eabi/5.4.1/../../../../arm-none-eabi/lib/armv7-m/libm.a(lib_a-w_pow.o)
 .rodata.str1.4
                0x000000000800922c        0x4 /usr/bin/../lib/gcc/arm-none-eabi/5.4.1/../../../../arm-none-eabi/lib/armv7-m/libm.a(lib_a-e_pow.o)
                                          0x1 (size before relaxing)
 .rodata.npio2_hw
                0x000000000800922c       0x80 /usr/bin/../lib/gcc/arm-none-eabi/5.4.1/../../../../arm-none-eabi/lib/armv7-m/libm.a(lib_a-ef_rem_pio2.o)
 .rodata.two_over_pi
                0x00000000080092ac      0x318 /usr/bin/../lib/gcc/arm-none-eabi/5.4.1/../../../../arm-none-eabi/lib/armv7-m/libm.a(lib_a-ef_rem_pio2.o)
 .rodata.init_jk
                0x00000000080095c4        0xc /usr/bin/../lib/gcc/arm-none-eabi/5.4.1/../../../../arm-none-eabi/lib/armv7-m/libm.a(lib_a-kf_rem_pio2.o)
 .rodata.PIo2   0x00000000080095d0       0x2c /usr/bin/../lib/gcc/arm-none-eabi/5.4.1/../../../../arm-none-eabi/lib/armv7-m/libm.a(lib_a-kf_rem_pio2.o)
 *fill*         0x00000000080095fc        0x4 
 .rodata.TWO52  0x0000000008009600       0x10 /usr/bin/../lib/gcc/arm-none-eabi/5.4.1/../../../../arm-none-eabi/lib/armv7-m/libm.a(lib_a-s_rint.o)
 .rodata.atanlo
                0x0000000008009610       0x10 /usr/bin/../lib/gcc/arm-none-eabi/5.4.1/../../../../arm-none-eabi/lib/armv7-m/libm.a(lib_a-sf_atan.o)
 .rodata.atanhi
                0x0000000008009620       0x10 /usr/bin/../lib/gcc/arm-none-eabi/5.4.1/../../../../arm-none-eabi/lib/armv7-m/libm.a(lib_a-sf_atan.o)
 .rodata.str1.1
                0x0000000008009630       0x12 /usr/bin/../lib/gcc/arm-none-eabi/5.4.1/../../../../arm-none-eabi/lib/armv7-m/libg_nano.a(lib_a-nano-vfprintf_float.o)
 .rodata.str1.1
                0x0000000008009642       0x22 /usr/bin/../lib/gcc/arm-none-eabi/5.4.1/../../../../arm-none-eabi/lib/armv7-m/libg_nano.a(lib_a-nano-vfprintf_i.o)
 .rodata.str1.1
                0x0000000008009664        0xd /usr/bin/../lib/gcc/arm-none-eabi/5.4.1/../../../../arm-none-eabi/lib/armv7-m/libg_nano.a(lib_a-dtoa.o)
                                          0xf (size before relaxing)
 *fill*         0x0000000008009671        0x7 
 .rodata.__mprec_tens
                0x0000000008009678       0xc8 /usr/bin/../lib/gcc/arm-none-eabi/5.4.1/../../../../arm-none-eabi/lib/armv7-m/libg_nano.a(lib_a-mprec.o)
                0x0000000008009678                __mprec_tens
 .rodata.__mprec_bigtens
                0x0000000008009740       0x28 /usr/bin/../lib/gcc/arm-none-eabi/5.4.1/../../../../arm-none-eabi/lib/armv7-m/libg_nano.a(lib_a-mprec.o)
                0x0000000008009740                __mprec_bigtens
 .rodata.p05.6097
                0x0000000008009768        0xc /usr/bin/../lib/gcc/arm-none-eabi/5.4.1/../../../../arm-none-eabi/lib/armv7-m/libg_nano.a(lib_a-mprec.o)
 .rodata.str1.1
                0x0000000008009774       0x11 /usr/bin/../lib/gcc/arm-none-eabi/5.4.1/../../../../arm-none-eabi/lib/armv7-m/libg_nano.a(lib_a-nano-svfprintf.o)
 .rodata.str1.1
                0x0000000008009785        0xa /usr/bin/../lib/gcc/arm-none-eabi/5.4.1/../../../../arm-none-eabi/lib/armv7-m/libg_nano.a(lib_a-locale.o)
                                          0xb (size before relaxing)
 .rodata._ctype_
                0x000000000800978f      0x101 /usr/bin/../lib/gcc/arm-none-eabi/5.4.1/../../../../arm-none-eabi/lib/armv7-m/libg_nano.a(lib_a-ctype_.o)
                0x000000000800978f                _ctype_
 *(vtable)
 *(.eh_frame*)
 *(.glue_7)
 .glue_7        0x0000000008009890        0x0 linker stubs
 *(.glue_7t)
 .glue_7t       0x0000000008009890        0x0 linker stubs

.vfp11_veneer   0x0000000008009890        0x0
 .vfp11_veneer  0x0000000008009890        0x0 linker stubs

.v4_bx          0x0000000008009890        0x0
 .v4_bx         0x0000000008009890        0x0 linker stubs

.iplt           0x0000000008009890        0x0
 .iplt          0x0000000008009890        0x0 ./system/src/stm32f1-stdperiph/misc.o

.rel.dyn        0x0000000008009890        0x0
 .rel.iplt      0x0000000008009890        0x0 ./system/src/stm32f1-stdperiph/misc.o

.ARM.extab
 *(.ARM.extab* .gnu.linkonce.armextab.*)
                0x0000000008009890                . = ALIGN (0x4)
                0x0000000008009890                __exidx_start = .

.ARM.exidx
 *(.ARM.exidx* .gnu.linkonce.armexidx.*)
                0x0000000008009890                __exidx_end = .
                0x0000000008009890                . = ALIGN (0x4)
                0x0000000008009890                _etext = .
                0x0000000008009890                __etext = .

.data_CCMRAM    0x0000000000000000        0x0 load address 0x0000000008009890
 FILL mask 0xff
 *(.data.CCMRAM .data.CCMRAM.*)
                0x0000000000000000                . = ALIGN (0x4)
                0x0000000008009890                _sidata = LOADADDR (.data)

.data           0x0000000020000000      0x210 load address 0x0000000008009890
 FILL mask 0xff
                0x0000000020000000                _sdata = .
                0x0000000020000000                __data_start__ = .
 *(.data_begin .data_begin.*)
 .data_begin    0x0000000020000000        0x4 ./system/src/newlib/_startup.o
 *(.data .data.*)
 .data.ADCPrescTable
                0x0000000020000004        0x4 ./system/src/stm32f1-stdperiph/stm32f10x_rcc.o
 .data.APBAHBPrescTable
                0x0000000020000008       0x10 ./system/src/stm32f1-stdperiph/stm32f10x_rcc.o
 .data.argv.4290
                0x0000000020000018        0x8 ./system/src/newlib/_syscalls.o
 .data.srlIdle  0x0000000020000020        0x4 ./system/src/drivers/serial.o
                0x0000000020000020                srlIdle
 .data.AHBPrescTable
                0x0000000020000024       0x10 ./system/src/cmsis/system_stm32f10x.o
                0x0000000020000024                AHBPrescTable
 .data.SystemCoreClock
                0x0000000020000034        0x4 ./system/src/cmsis/system_stm32f10x.o
                0x0000000020000034                SystemCoreClock
 .data.s        0x0000000020000038        0x1 ./src/it_handlers.o
 .data.wxi      0x0000000020000039        0x1 ./src/it_handlers.o
 .data.__fdlib_version
                0x000000002000003a        0x1 /usr/bin/../lib/gcc/arm-none-eabi/5.4.1/../../../../arm-none-eabi/lib/armv7-m/libm.a(lib_a-s_lib_ver.o)
                0x000000002000003a                __fdlib_version
 *fill*         0x000000002000003b        0x1 ff
 .data.impure_data
                0x000000002000003c       0x60 /usr/bin/../lib/gcc/arm-none-eabi/5.4.1/../../../../arm-none-eabi/lib/armv7-m/libg_nano.a(lib_a-impure.o)
 .data._impure_ptr
                0x000000002000009c        0x4 /usr/bin/../lib/gcc/arm-none-eabi/5.4.1/../../../../arm-none-eabi/lib/armv7-m/libg_nano.a(lib_a-impure.o)
                0x000000002000009c                _impure_ptr
 .data.__global_locale
                0x00000000200000a0      0x16c /usr/bin/../lib/gcc/arm-none-eabi/5.4.1/../../../../arm-none-eabi/lib/armv7-m/libg_nano.a(lib_a-locale.o)
                0x00000000200000a0                __global_locale
 *(.data_end .data_end.*)
 .data_end      0x000000002000020c        0x4 ./system/src/newlib/_startup.o
                0x0000000020000210                . = ALIGN (0x4)
                0x0000000020000210                _edata = .
                0x0000000020000210                __data_end__ = .

.igot.plt       0x0000000020000210        0x0 load address 0x0000000008009aa0
 .igot.plt      0x0000000020000210        0x0 ./system/src/stm32f1-stdperiph/misc.o

.bss_CCMRAM     0x0000000000000000        0x0
 *(.bss.CCMRAM .bss.CCMRAM.*)

.bss            0x0000000020000210      0x634
                0x0000000020000210                __bss_start__ = .
                0x0000000020000210                _sbss = .
 *(.bss_begin .bss_begin.*)
 .bss_begin     0x0000000020000210        0x4 ./system/src/newlib/_startup.o
 *(.bss .bss.*)
 .bss.current_heap_end.3974
                0x0000000020000214        0x4 ./system/src/newlib/_sbrk.o
 .bss.name.4289
                0x0000000020000218        0x1 ./system/src/newlib/_syscalls.o
 .bss.dht22State
                0x0000000020000219        0x1 ./system/src/drivers/_dht22.o
                0x0000000020000219                dht22State
 *fill*         0x000000002000021a        0x2 
 .bss.delay_5us
                0x000000002000021c        0x4 ./system/src/drivers/dallas.o
                0x000000002000021c                delay_5us
 .bss.timm      0x0000000020000220        0x1 ./system/src/drivers/dallas.o
                0x0000000020000220                timm
 *fill*         0x0000000020000221        0x3 
 .bss.i2cTXData
                0x0000000020000224       0x80 ./system/src/drivers/i2c.o
                0x0000000020000224                i2cTXData
 .bss.i2cTXQueueLen
                0x00000000200002a4        0x4 ./system/src/drivers/i2c.o
                0x00000000200002a4                i2cTXQueueLen
 .bss.i2cRXing  0x00000000200002a8        0x4 ./system/src/drivers/i2c.o
                0x00000000200002a8                i2cRXing
 .bss.i2cRemoteAddr
                0x00000000200002ac        0x4 ./system/src/drivers/i2c.o
                0x00000000200002ac                i2cRemoteAddr
 .bss.i2cRXBytesNumber
                0x00000000200002b0        0x4 ./system/src/drivers/i2c.o
                0x00000000200002b0                i2cRXBytesNumber
 .bss.i2cPinRemap
                0x00000000200002b4        0x4 ./system/src/drivers/i2c.o
                0x00000000200002b4                i2cPinRemap
 .bss.i2cRXData
                0x00000000200002b8       0x80 ./system/src/drivers/i2c.o
                0x00000000200002b8                i2cRXData
 .bss.i2cTRXDataCounter
                0x0000000020000338        0x4 ./system/src/drivers/i2c.o
                0x0000000020000338                i2cTRXDataCounter
 .bss.i2cTXing  0x000000002000033c        0x4 ./system/src/drivers/i2c.o
                0x000000002000033c                i2cTXing
 .bss.i2cErrorCounter
                0x0000000020000340        0x4 ./system/src/drivers/i2c.o
                0x0000000020000340                i2cErrorCounter
 *fill*         0x0000000020000344        0x4 
 .bss.SensorDT  0x0000000020000348        0x8 ./system/src/drivers/ms5611.o
                0x0000000020000348                SensorDT
 .bss.srlRXing  0x0000000020000350        0x4 ./system/src/drivers/serial.o
                0x0000000020000350                srlRXing
 .bss.srlRXData
                0x0000000020000354       0x80 ./system/src/drivers/serial.o
                0x0000000020000354                srlRXData
 .bss.srlLenAddr
                0x00000000200003d4        0x1 ./system/src/drivers/serial.o
                0x00000000200003d4                srlLenAddr
 .bss.srlEchoOn
                0x00000000200003d5        0x1 ./system/src/drivers/serial.o
                0x00000000200003d5                srlEchoOn
 .bss.srlStopChar
                0x00000000200003d6        0x1 ./system/src/drivers/serial.o
                0x00000000200003d6                srlStopChar
 *fill*         0x00000000200003d7        0x1 
 .bss.srlTXing  0x00000000200003d8        0x4 ./system/src/drivers/serial.o
                0x00000000200003d8                srlTXing
 .bss.srlStartChar
                0x00000000200003dc        0x1 ./system/src/drivers/serial.o
                0x00000000200003dc                srlStartChar
 *fill*         0x00000000200003dd        0x3 
 .bss.srlTXData
                0x00000000200003e0       0x80 ./system/src/drivers/serial.o
                0x00000000200003e0                srlTXData
 .bss.srlLenModif
                0x0000000020000460        0x1 ./system/src/drivers/serial.o
                0x0000000020000460                srlLenModif
 *fill*         0x0000000020000461        0x3 
 .bss.srlTXQueueLen
                0x0000000020000464        0x4 ./system/src/drivers/serial.o
                0x0000000020000464                srlTXQueueLen
 .bss.srlRXBytesNum
                0x0000000020000468        0x4 ./system/src/drivers/serial.o
                0x0000000020000468                srlRXBytesNum
 .bss.srlTRXDataCounter
                0x000000002000046c        0x4 ./system/src/drivers/serial.o
                0x000000002000046c                srlTRXDataCounter
 .bss.ii        0x0000000020000470        0x4 ./system/src/drivers/umb-slave.o
                0x0000000020000470                ii
 .bss.umbSlaveState
                0x0000000020000474        0x1 ./system/src/drivers/umb-slave.o
                0x0000000020000474                umbSlaveState
 *fill*         0x0000000020000475        0x3 
 .bss.buf.5179  0x0000000020000478       0x80 ./system/src/diag/Trace.o
 .bss._ZN5Timer13ms_delayCountE
                0x00000000200004f8        0x4 ./src/Timer.o
                0x00000000200004f8                Timer::ms_delayCount
 .bss.ds_t      0x00000000200004fc        0x4 ./src/main.o
                0x00000000200004fc                ds_t
 .bss.dht_valid
                0x0000000020000500        0x6 ./src/main.o
                0x0000000020000500                dht_valid
 *fill*         0x0000000020000506        0x2 
 .bss.aprs_msg  0x0000000020000508       0x80 ./src/main.o
                0x0000000020000508                aprs_msg
 .bss.path      0x0000000020000588        0xe ./src/main.o
                0x0000000020000588                path
 *fill*         0x0000000020000596        0x2 
 .bss.u         0x0000000020000598       0x18 ./src/main.o
                0x0000000020000598                u
 .bss.ms_p      0x00000000200005b0        0x8 ./src/main.o
                0x00000000200005b0                ms_p
 .bss.ms_t      0x00000000200005b8        0x4 ./src/main.o
                0x00000000200005b8                ms_t
 .bss.i         0x00000000200005bc        0x4 ./src/main.o
                0x00000000200005bc                i
 .bss.dht       0x00000000200005c0        0x6 ./src/main.o
                0x00000000200005c0                dht
 .bss.commTimeoutCounter
                0x00000000200005c6        0x1 ./src/main.o
                0x00000000200005c6                commTimeoutCounter
 *fill*         0x00000000200005c7        0x1 
 .bss.__malloc_sbrk_start
                0x00000000200005c8        0x4 /usr/bin/../lib/gcc/arm-none-eabi/5.4.1/../../../../arm-none-eabi/lib/armv7-m/libg_nano.a(lib_a-nano-mallocr.o)
                0x00000000200005c8                __malloc_sbrk_start
 .bss.__malloc_free_list
                0x00000000200005cc        0x4 /usr/bin/../lib/gcc/arm-none-eabi/5.4.1/../../../../arm-none-eabi/lib/armv7-m/libg_nano.a(lib_a-nano-mallocr.o)
                0x00000000200005cc                __malloc_free_list
 *(COMMON)
 COMMON         0x00000000200005d0        0x4 ./system/src/newlib/_syscalls.o
                0x00000000200005d0                errno
 COMMON         0x00000000200005d4       0x50 ./system/src/drivers/_dht22.o
                0x00000000200005d4                PORT_out
                0x00000000200005d8                bitsDuration
                0x0000000020000604                exti_disable
                0x000000002000060c                exti
                0x0000000020000614                currentBit
                0x0000000020000618                bytes
                0x0000000020000620                PORT_in
 COMMON         0x0000000020000624       0x20 ./system/src/drivers/dallas.o
                0x0000000020000624                dallas
 COMMON         0x0000000020000644       0x16 ./system/src/drivers/ms5611.o
                0x0000000020000644                state
                0x0000000020000648                SensorCalData
 COMMON         0x000000002000065a        0x2 ./system/src/drivers/serial.o
                0x000000002000065a                srlRxDummy
                0x000000002000065b                srlStartStopS
 *fill*         0x000000002000065c        0x4 
 COMMON         0x0000000020000660      0x170 ./system/src/drivers/tx20.o
                0x0000000020000660                TX20
 COMMON         0x00000000200007d0       0x70 ./system/src/drivers/umb-slave.o
                0x00000000200007d0                umbMessage
 *(.bss_end .bss_end.*)
 .bss_end       0x0000000020000840        0x4 ./system/src/newlib/_startup.o
                0x0000000020000844                . = ALIGN (0x4)
                0x0000000020000844                __bss_end__ = .
                0x0000000020000844                _ebss = .

.noinit_CCMRAM
 *(.noinit.CCMRAM .noinit.CCMRAM.*)

.noinit         0x0000000020000844        0x0
                0x0000000020000844                _noinit = .
 *(.noinit .noinit.*)
                0x0000000020000844                . = ALIGN (0x4)
                0x0000000020000844                _end_noinit = .
                [!provide]                        PROVIDE (end, _end_noinit)
                [!provide]                        PROVIDE (_end, _end_noinit)
                [!provide]                        PROVIDE (__end, _end_noinit)
                [!provide]                        PROVIDE (__end__, _end_noinit)

._check_stack   0x0000000020000844      0x100
                0x0000000020000944                . = (. + _Minimum_Stack_Size)
 *fill*         0x0000000020000844      0x100 

.b1text
 *(.b1text)
 *(.b1rodata)
 *(.b1rodata.*)

.eb0text
 *(.eb0text)
 *(.eb0rodata)
 *(.eb0rodata.*)

.eb1text
 *(.eb1text)
 *(.eb1rodata)
 *(.eb1rodata.*)

.eb2text
 *(.eb2text)
 *(.eb2rodata)
 *(.eb2rodata.*)

.eb3text
 *(.eb3text)
 *(.eb3rodata)
 *(.eb3rodata.*)

.stab
 *(.stab)

.stabstr
 *(.stabstr)

.stab.excl
 *(.stab.excl)

.stab.exclstr
 *(.stab.exclstr)

.stab.index
 *(.stab.index)

.stab.indexstr
 *(.stab.indexstr)

.comment        0x0000000000000000       0x6e
 *(.comment)
 .comment       0x0000000000000000       0x6e ./system/src/stm32f1-stdperiph/stm32f10x_exti.o
                                         0x6f (size before relaxing)
 .comment       0x000000000000006e       0x6f ./system/src/stm32f1-stdperiph/stm32f10x_gpio.o
 .comment       0x000000000000006e       0x6f ./system/src/stm32f1-stdperiph/stm32f10x_i2c.o
 .comment       0x000000000000006e       0x6f ./system/src/stm32f1-stdperiph/stm32f10x_iwdg.o
 .comment       0x000000000000006e       0x6f ./system/src/stm32f1-stdperiph/stm32f10x_rcc.o
 .comment       0x000000000000006e       0x6f ./system/src/stm32f1-stdperiph/stm32f10x_usart.o
 .comment       0x000000000000006e       0x6f ./system/src/newlib/_exit.o
 .comment       0x000000000000006e       0x6f ./system/src/newlib/_sbrk.o
 .comment       0x000000000000006e       0x6f ./system/src/newlib/_startup.o
 .comment       0x000000000000006e       0x6f ./system/src/newlib/_syscalls.o
 .comment       0x000000000000006e       0x6f ./system/src/drivers/_dht22.o
 .comment       0x000000000000006e       0x6f ./system/src/drivers/dallas.o
 .comment       0x000000000000006e       0x6f ./system/src/drivers/gpio_conf.o
 .comment       0x000000000000006e       0x6f ./system/src/drivers/i2c.o
 .comment       0x000000000000006e       0x6f ./system/src/drivers/ms5611.o
 .comment       0x000000000000006e       0x6f ./system/src/drivers/serial.o
 .comment       0x000000000000006e       0x6f ./system/src/drivers/tx20.o
 .comment       0x000000000000006e       0x6f ./system/src/drivers/umb-slave.o
 .comment       0x000000000000006e       0x6f ./system/src/diag/Trace.o
 .comment       0x000000000000006e       0x6f ./system/src/diag/trace_impl.o
 .comment       0x000000000000006e       0x6f ./system/src/cortexm/_initialize_hardware.o
 .comment       0x000000000000006e       0x6f ./system/src/cortexm/exception_handlers.o
 .comment       0x000000000000006e       0x6f ./system/src/cmsis/system_stm32f10x.o
 .comment       0x000000000000006e       0x6f ./system/src/cmsis/vectors_stm32f10x.o
 .comment       0x000000000000006e       0x6f ./src/LedConfig.o
 .comment       0x000000000000006e       0x6f ./src/Timer.o
 .comment       0x000000000000006e       0x6f ./src/TimerConfig.o
 .comment       0x000000000000006e       0x6f ./src/it_handlers.o
 .comment       0x000000000000006e       0x6f ./src/main.o

.ARM.attributes
                0x0000000000000000       0x31
 .ARM.attributes
                0x0000000000000000       0x33 ./system/src/stm32f1-stdperiph/stm32f10x_exti.o
 .ARM.attributes
                0x0000000000000033       0x33 ./system/src/stm32f1-stdperiph/stm32f10x_gpio.o
 .ARM.attributes
                0x0000000000000066       0x33 ./system/src/stm32f1-stdperiph/stm32f10x_i2c.o
 .ARM.attributes
                0x0000000000000099       0x33 ./system/src/stm32f1-stdperiph/stm32f10x_iwdg.o
 .ARM.attributes
                0x00000000000000cc       0x33 ./system/src/stm32f1-stdperiph/stm32f10x_rcc.o
 .ARM.attributes
                0x00000000000000ff       0x33 ./system/src/stm32f1-stdperiph/stm32f10x_usart.o
 .ARM.attributes
                0x0000000000000132       0x33 ./system/src/newlib/_exit.o
 .ARM.attributes
                0x0000000000000165       0x33 ./system/src/newlib/_sbrk.o
 .ARM.attributes
                0x0000000000000198       0x33 ./system/src/newlib/_startup.o
 .ARM.attributes
                0x00000000000001cb       0x33 ./system/src/newlib/_syscalls.o
 .ARM.attributes
                0x00000000000001fe       0x33 ./system/src/drivers/_dht22.o
 .ARM.attributes
                0x0000000000000231       0x33 ./system/src/drivers/dallas.o
 .ARM.attributes
                0x0000000000000264       0x33 ./system/src/drivers/gpio_conf.o
 .ARM.attributes
                0x0000000000000297       0x33 ./system/src/drivers/i2c.o
 .ARM.attributes
                0x00000000000002ca       0x33 ./system/src/drivers/ms5611.o
 .ARM.attributes
                0x00000000000002fd       0x33 ./system/src/drivers/serial.o
 .ARM.attributes
                0x0000000000000330       0x33 ./system/src/drivers/tx20.o
 .ARM.attributes
                0x0000000000000363       0x33 ./system/src/drivers/umb-slave.o
 .ARM.attributes
                0x0000000000000396       0x33 ./system/src/diag/Trace.o
 .ARM.attributes
                0x00000000000003c9       0x33 ./system/src/diag/trace_impl.o
 .ARM.attributes
                0x00000000000003fc       0x33 ./system/src/cortexm/_initialize_hardware.o
 .ARM.attributes
                0x000000000000042f       0x33 ./system/src/cortexm/exception_handlers.o
 .ARM.attributes
                0x0000000000000462       0x33 ./system/src/cmsis/system_stm32f10x.o
 .ARM.attributes
                0x0000000000000495       0x33 ./system/src/cmsis/vectors_stm32f10x.o
 .ARM.attributes
                0x00000000000004c8       0x33 ./src/LedConfig.o
 .ARM.attributes
                0x00000000000004fb       0x33 ./src/Timer.o
 .ARM.attributes
                0x000000000000052e       0x33 ./src/TimerConfig.o
 .ARM.attributes
                0x0000000000000561       0x33 ./src/it_handlers.o
 .ARM.attributes
                0x0000000000000594       0x33 ./src/main.o
 .ARM.attributes
                0x00000000000005c7       0x2d /usr/bin/../lib/gcc/arm-none-eabi/5.4.1/../../../../arm-none-eabi/lib/armv7-m/libm.a(lib_a-sf_cos.o)
 .ARM.attributes
                0x00000000000005f4       0x2d /usr/bin/../lib/gcc/arm-none-eabi/5.4.1/../../../../arm-none-eabi/lib/armv7-m/libm.a(lib_a-sf_sin.o)
 .ARM.attributes
                0x0000000000000621       0x2d /usr/bin/../lib/gcc/arm-none-eabi/5.4.1/../../../../arm-none-eabi/lib/armv7-m/libm.a(lib_a-w_pow.o)
 .ARM.attributes
                0x000000000000064e       0x2d /usr/bin/../lib/gcc/arm-none-eabi/5.4.1/../../../../arm-none-eabi/lib/armv7-m/libm.a(lib_a-wf_atan2.o)
 .ARM.attributes
                0x000000000000067b       0x2d /usr/bin/../lib/gcc/arm-none-eabi/5.4.1/../../../../arm-none-eabi/lib/armv7-m/libm.a(lib_a-e_pow.o)
 .ARM.attributes
                0x00000000000006a8       0x2d /usr/bin/../lib/gcc/arm-none-eabi/5.4.1/../../../../arm-none-eabi/lib/armv7-m/libm.a(lib_a-e_sqrt.o)
 .ARM.attributes
                0x00000000000006d5       0x2d /usr/bin/../lib/gcc/arm-none-eabi/5.4.1/../../../../arm-none-eabi/lib/armv7-m/libm.a(lib_a-ef_atan2.o)
 .ARM.attributes
                0x0000000000000702       0x2d /usr/bin/../lib/gcc/arm-none-eabi/5.4.1/../../../../arm-none-eabi/lib/armv7-m/libm.a(lib_a-ef_rem_pio2.o)
 .ARM.attributes
                0x000000000000072f       0x2d /usr/bin/../lib/gcc/arm-none-eabi/5.4.1/../../../../arm-none-eabi/lib/armv7-m/libm.a(lib_a-kf_cos.o)
 .ARM.attributes
                0x000000000000075c       0x2d /usr/bin/../lib/gcc/arm-none-eabi/5.4.1/../../../../arm-none-eabi/lib/armv7-m/libm.a(lib_a-kf_rem_pio2.o)
 .ARM.attributes
                0x0000000000000789       0x2d /usr/bin/../lib/gcc/arm-none-eabi/5.4.1/../../../../arm-none-eabi/lib/armv7-m/libm.a(lib_a-kf_sin.o)
 .ARM.attributes
                0x00000000000007b6       0x2d /usr/bin/../lib/gcc/arm-none-eabi/5.4.1/../../../../arm-none-eabi/lib/armv7-m/libm.a(lib_a-s_fabs.o)
 .ARM.attributes
                0x00000000000007e3       0x2d /usr/bin/../lib/gcc/arm-none-eabi/5.4.1/../../../../arm-none-eabi/lib/armv7-m/libm.a(lib_a-s_finite.o)
 .ARM.attributes
                0x0000000000000810       0x2d /usr/bin/../lib/gcc/arm-none-eabi/5.4.1/../../../../arm-none-eabi/lib/armv7-m/libm.a(lib_a-s_lib_ver.o)
 .ARM.attributes
                0x000000000000083d       0x2d /usr/bin/../lib/gcc/arm-none-eabi/5.4.1/../../../../arm-none-eabi/lib/armv7-m/libm.a(lib_a-s_matherr.o)
 .ARM.attributes
                0x000000000000086a       0x2d /usr/bin/../lib/gcc/arm-none-eabi/5.4.1/../../../../arm-none-eabi/lib/armv7-m/libm.a(lib_a-s_nan.o)
 .ARM.attributes
                0x0000000000000897       0x2d /usr/bin/../lib/gcc/arm-none-eabi/5.4.1/../../../../arm-none-eabi/lib/armv7-m/libm.a(lib_a-s_rint.o)
 .ARM.attributes
                0x00000000000008c4       0x2d /usr/bin/../lib/gcc/arm-none-eabi/5.4.1/../../../../arm-none-eabi/lib/armv7-m/libm.a(lib_a-s_scalbn.o)
 .ARM.attributes
                0x00000000000008f1       0x2d /usr/bin/../lib/gcc/arm-none-eabi/5.4.1/../../../../arm-none-eabi/lib/armv7-m/libm.a(lib_a-sf_atan.o)
 .ARM.attributes
                0x000000000000091e       0x2d /usr/bin/../lib/gcc/arm-none-eabi/5.4.1/../../../../arm-none-eabi/lib/armv7-m/libm.a(lib_a-sf_fabs.o)
 .ARM.attributes
                0x000000000000094b       0x2d /usr/bin/../lib/gcc/arm-none-eabi/5.4.1/../../../../arm-none-eabi/lib/armv7-m/libm.a(lib_a-sf_floor.o)
 .ARM.attributes
                0x0000000000000978       0x2d /usr/bin/../lib/gcc/arm-none-eabi/5.4.1/../../../../arm-none-eabi/lib/armv7-m/libm.a(lib_a-sf_scalbn.o)
 .ARM.attributes
                0x00000000000009a5       0x2d /usr/bin/../lib/gcc/arm-none-eabi/5.4.1/../../../../arm-none-eabi/lib/armv7-m/libm.a(lib_a-s_copysign.o)
 .ARM.attributes
                0x00000000000009d2       0x2d /usr/bin/../lib/gcc/arm-none-eabi/5.4.1/../../../../arm-none-eabi/lib/armv7-m/libm.a(lib_a-sf_copysign.o)
 .ARM.attributes
                0x00000000000009ff       0x1d /usr/bin/../lib/gcc/arm-none-eabi/5.4.1/armv7-m/libgcc.a(_arm_addsubdf3.o)
 .ARM.attributes
                0x0000000000000a1c       0x1d /usr/bin/../lib/gcc/arm-none-eabi/5.4.1/armv7-m/libgcc.a(_arm_muldivdf3.o)
 .ARM.attributes
                0x0000000000000a39       0x1d /usr/bin/../lib/gcc/arm-none-eabi/5.4.1/armv7-m/libgcc.a(_arm_cmpdf2.o)
 .ARM.attributes
                0x0000000000000a56       0x1d /usr/bin/../lib/gcc/arm-none-eabi/5.4.1/armv7-m/libgcc.a(_arm_unorddf2.o)
 .ARM.attributes
                0x0000000000000a73       0x1d /usr/bin/../lib/gcc/arm-none-eabi/5.4.1/armv7-m/libgcc.a(_arm_fixdfsi.o)
 .ARM.attributes
                0x0000000000000a90       0x1d /usr/bin/../lib/gcc/arm-none-eabi/5.4.1/armv7-m/libgcc.a(_arm_fixunsdfsi.o)
 .ARM.attributes
                0x0000000000000aad       0x1d /usr/bin/../lib/gcc/arm-none-eabi/5.4.1/armv7-m/libgcc.a(_arm_truncdfsf2.o)
 .ARM.attributes
                0x0000000000000aca       0x1d /usr/bin/../lib/gcc/arm-none-eabi/5.4.1/armv7-m/libgcc.a(_arm_addsubsf3.o)
 .ARM.attributes
                0x0000000000000ae7       0x1d /usr/bin/../lib/gcc/arm-none-eabi/5.4.1/armv7-m/libgcc.a(_arm_muldivsf3.o)
 .ARM.attributes
                0x0000000000000b04       0x1d /usr/bin/../lib/gcc/arm-none-eabi/5.4.1/armv7-m/libgcc.a(_arm_cmpsf2.o)
 .ARM.attributes
                0x0000000000000b21       0x1d /usr/bin/../lib/gcc/arm-none-eabi/5.4.1/armv7-m/libgcc.a(_arm_fixsfsi.o)
 .ARM.attributes
                0x0000000000000b3e       0x1d /usr/bin/../lib/gcc/arm-none-eabi/5.4.1/armv7-m/libgcc.a(_arm_fixunssfsi.o)
 .ARM.attributes
                0x0000000000000b5b       0x2d /usr/bin/../lib/gcc/arm-none-eabi/5.4.1/armv7-m/libgcc.a(_fixdfdi.o)
 .ARM.attributes
                0x0000000000000b88       0x2d /usr/bin/../lib/gcc/arm-none-eabi/5.4.1/armv7-m/libgcc.a(_fixunsdfdi.o)
 .ARM.attributes
                0x0000000000000bb5       0x2d /usr/bin/../lib/gcc/arm-none-eabi/5.4.1/../../../../arm-none-eabi/lib/armv7-m/libg_nano.a(lib_a-errno.o)
 .ARM.attributes
                0x0000000000000be2       0x2d /usr/bin/../lib/gcc/arm-none-eabi/5.4.1/../../../../arm-none-eabi/lib/armv7-m/libg_nano.a(lib_a-impure.o)
 .ARM.attributes
                0x0000000000000c0f       0x2d /usr/bin/../lib/gcc/arm-none-eabi/5.4.1/../../../../arm-none-eabi/lib/armv7-m/libg_nano.a(lib_a-memcpy-stub.o)
 .ARM.attributes
                0x0000000000000c3c       0x2d /usr/bin/../lib/gcc/arm-none-eabi/5.4.1/../../../../arm-none-eabi/lib/armv7-m/libg_nano.a(lib_a-memset.o)
 .ARM.attributes
                0x0000000000000c69       0x2d /usr/bin/../lib/gcc/arm-none-eabi/5.4.1/../../../../arm-none-eabi/lib/armv7-m/libg_nano.a(lib_a-nano-vfprintf_float.o)
 .ARM.attributes
                0x0000000000000c96       0x2d /usr/bin/../lib/gcc/arm-none-eabi/5.4.1/../../../../arm-none-eabi/lib/armv7-m/libg_nano.a(lib_a-nano-vfprintf_i.o)
 .ARM.attributes
                0x0000000000000cc3       0x2d /usr/bin/../lib/gcc/arm-none-eabi/5.4.1/../../../../arm-none-eabi/lib/armv7-m/libg_nano.a(lib_a-sprintf.o)
 .ARM.attributes
                0x0000000000000cf0       0x17 /usr/bin/../lib/gcc/arm-none-eabi/5.4.1/../../../../arm-none-eabi/lib/armv7-m/libg_nano.a(lib_a-strlen.o)
 .ARM.attributes
                0x0000000000000d07       0x2d /usr/bin/../lib/gcc/arm-none-eabi/5.4.1/../../../../arm-none-eabi/lib/armv7-m/libg_nano.a(lib_a-vsnprintf.o)
 .ARM.attributes
                0x0000000000000d34       0x2d /usr/bin/../lib/gcc/arm-none-eabi/5.4.1/../../../../arm-none-eabi/lib/armv7-m/libg_nano.a(lib_a-dtoa.o)
 .ARM.attributes
                0x0000000000000d61       0x2d /usr/bin/../lib/gcc/arm-none-eabi/5.4.1/../../../../arm-none-eabi/lib/armv7-m/libg_nano.a(lib_a-localeconv.o)
 .ARM.attributes
                0x0000000000000d8e       0x2d /usr/bin/../lib/gcc/arm-none-eabi/5.4.1/../../../../arm-none-eabi/lib/armv7-m/libg_nano.a(lib_a-malloc.o)
 .ARM.attributes
                0x0000000000000dbb       0x2d /usr/bin/../lib/gcc/arm-none-eabi/5.4.1/../../../../arm-none-eabi/lib/armv7-m/libg_nano.a(lib_a-memchr-stub.o)
 .ARM.attributes
                0x0000000000000de8       0x2d /usr/bin/../lib/gcc/arm-none-eabi/5.4.1/../../../../arm-none-eabi/lib/armv7-m/libg_nano.a(lib_a-mprec.o)
 .ARM.attributes
                0x0000000000000e15       0x2d /usr/bin/../lib/gcc/arm-none-eabi/5.4.1/../../../../arm-none-eabi/lib/armv7-m/libg_nano.a(lib_a-nano-callocr.o)
 .ARM.attributes
                0x0000000000000e42       0x2d /usr/bin/../lib/gcc/arm-none-eabi/5.4.1/../../../../arm-none-eabi/lib/armv7-m/libg_nano.a(lib_a-nano-freer.o)
 .ARM.attributes
                0x0000000000000e6f       0x2d /usr/bin/../lib/gcc/arm-none-eabi/5.4.1/../../../../arm-none-eabi/lib/armv7-m/libg_nano.a(lib_a-nano-mallocr.o)
 .ARM.attributes
                0x0000000000000e9c       0x2d /usr/bin/../lib/gcc/arm-none-eabi/5.4.1/../../../../arm-none-eabi/lib/armv7-m/libg_nano.a(lib_a-nano-svfprintf.o)
 .ARM.attributes
                0x0000000000000ec9       0x2d /usr/bin/../lib/gcc/arm-none-eabi/5.4.1/../../../../arm-none-eabi/lib/armv7-m/libg_nano.a(lib_a-sbrkr.o)
 .ARM.attributes
                0x0000000000000ef6       0x2d /usr/bin/../lib/gcc/arm-none-eabi/5.4.1/../../../../arm-none-eabi/lib/armv7-m/libg_nano.a(lib_a-locale.o)
 .ARM.attributes
                0x0000000000000f23       0x2d /usr/bin/../lib/gcc/arm-none-eabi/5.4.1/../../../../arm-none-eabi/lib/armv7-m/libg_nano.a(lib_a-mbtowc_r.o)
 .ARM.attributes
                0x0000000000000f50       0x2d /usr/bin/../lib/gcc/arm-none-eabi/5.4.1/../../../../arm-none-eabi/lib/armv7-m/libg_nano.a(lib_a-memmove.o)
 .ARM.attributes
                0x0000000000000f7d       0x2d /usr/bin/../lib/gcc/arm-none-eabi/5.4.1/../../../../arm-none-eabi/lib/armv7-m/libg_nano.a(lib_a-mlock.o)
 .ARM.attributes
                0x0000000000000faa       0x2d /usr/bin/../lib/gcc/arm-none-eabi/5.4.1/../../../../arm-none-eabi/lib/armv7-m/libg_nano.a(lib_a-nano-reallocr.o)
 .ARM.attributes
                0x0000000000000fd7       0x2d /usr/bin/../lib/gcc/arm-none-eabi/5.4.1/../../../../arm-none-eabi/lib/armv7-m/libg_nano.a(lib_a-wctomb_r.o)
 .ARM.attributes
                0x0000000000001004       0x2d /usr/bin/../lib/gcc/arm-none-eabi/5.4.1/../../../../arm-none-eabi/lib/armv7-m/libg_nano.a(lib_a-ctype_.o)
 .ARM.attributes
                0x0000000000001031       0x2d /usr/bin/../lib/gcc/arm-none-eabi/5.4.1/../../../../arm-none-eabi/lib/armv7-m/libg_nano.a(lib_a-nano-msizer.o)

.debug
 *(.debug)

.line
 *(.line)

.debug_srcinfo
 *(.debug_srcinfo)

.debug_sfnames
 *(.debug_sfnames)

.debug_aranges  0x0000000000000000      0x9c8
 *(.debug_aranges)
 .debug_aranges
                0x0000000000000000       0x58 ./system/src/stm32f1-stdperiph/stm32f10x_exti.o
 .debug_aranges
                0x0000000000000058       0xa8 ./system/src/stm32f1-stdperiph/stm32f10x_gpio.o
 .debug_aranges
                0x0000000000000100      0x120 ./system/src/stm32f1-stdperiph/stm32f10x_i2c.o
 .debug_aranges
                0x0000000000000220       0x48 ./system/src/stm32f1-stdperiph/stm32f10x_iwdg.o
 .debug_aranges
                0x0000000000000268      0x120 ./system/src/stm32f1-stdperiph/stm32f10x_rcc.o
 .debug_aranges
                0x0000000000000388      0x100 ./system/src/stm32f1-stdperiph/stm32f10x_usart.o
 .debug_aranges
                0x0000000000000488       0x28 ./system/src/newlib/_exit.o
 .debug_aranges
                0x00000000000004b0       0x20 ./system/src/newlib/_sbrk.o
 .debug_aranges
                0x00000000000004d0       0x40 ./system/src/newlib/_startup.o
 .debug_aranges
                0x0000000000000510       0x30 ./system/src/newlib/_syscalls.o
 .debug_aranges
                0x0000000000000540       0x40 ./system/src/drivers/_dht22.o
 .debug_aranges
                0x0000000000000580       0x60 ./system/src/drivers/dallas.o
 .debug_aranges
                0x00000000000005e0       0x20 ./system/src/drivers/gpio_conf.o
 .debug_aranges
                0x0000000000000600       0x48 ./system/src/drivers/i2c.o
 .debug_aranges
                0x0000000000000648       0x50 ./system/src/drivers/ms5611.o
 .debug_aranges
                0x0000000000000698       0x40 ./system/src/drivers/serial.o
 .debug_aranges
                0x00000000000006d8       0x50 ./system/src/drivers/tx20.o
 .debug_aranges
                0x0000000000000728       0x68 ./system/src/drivers/umb-slave.o
 .debug_aranges
                0x0000000000000790       0x38 ./system/src/diag/Trace.o
 .debug_aranges
                0x00000000000007c8       0x30 ./system/src/diag/trace_impl.o
 .debug_aranges
                0x00000000000007f8       0x28 ./system/src/cortexm/_initialize_hardware.o
 .debug_aranges
                0x0000000000000820       0x90 ./system/src/cortexm/exception_handlers.o
 .debug_aranges
                0x00000000000008b0       0x38 ./system/src/cmsis/system_stm32f10x.o
 .debug_aranges
                0x00000000000008e8       0x20 ./system/src/cmsis/vectors_stm32f10x.o
 .debug_aranges
                0x0000000000000908       0x20 ./src/LedConfig.o
 .debug_aranges
                0x0000000000000928       0x28 ./src/Timer.o
 .debug_aranges
                0x0000000000000950       0x30 ./src/TimerConfig.o
 .debug_aranges
                0x0000000000000980       0x28 ./src/it_handlers.o
 .debug_aranges
                0x00000000000009a8       0x20 ./src/main.o

.debug_pubnames
 *(.debug_pubnames)

.debug_info     0x0000000000000000     0xb7c0
 *(.debug_info .gnu.linkonce.wi.*)
 .debug_info    0x0000000000000000      0x346 ./system/src/stm32f1-stdperiph/stm32f10x_exti.o
 .debug_info    0x0000000000000346      0x86b ./system/src/stm32f1-stdperiph/stm32f10x_gpio.o
 .debug_info    0x0000000000000bb1      0xb6a ./system/src/stm32f1-stdperiph/stm32f10x_i2c.o
 .debug_info    0x000000000000171b      0x1e9 ./system/src/stm32f1-stdperiph/stm32f10x_iwdg.o
 .debug_info    0x0000000000001904      0x920 ./system/src/stm32f1-stdperiph/stm32f10x_rcc.o
 .debug_info    0x0000000000002224      0xb00 ./system/src/stm32f1-stdperiph/stm32f10x_usart.o
 .debug_info    0x0000000000002d24       0xef ./system/src/newlib/_exit.o
 .debug_info    0x0000000000002e13      0x11f ./system/src/newlib/_sbrk.o
 .debug_info    0x0000000000002f32      0x454 ./system/src/newlib/_startup.o
 .debug_info    0x0000000000003386      0x1c7 ./system/src/newlib/_syscalls.o
 .debug_info    0x000000000000354d      0xa8c ./system/src/drivers/_dht22.o
 .debug_info    0x0000000000003fd9      0xa58 ./system/src/drivers/dallas.o
 .debug_info    0x0000000000004a31      0x179 ./system/src/drivers/gpio_conf.o
 .debug_info    0x0000000000004baa      0xbe7 ./system/src/drivers/i2c.o
 .debug_info    0x0000000000005791      0x594 ./system/src/drivers/ms5611.o
 .debug_info    0x0000000000005d25      0xbcf ./system/src/drivers/serial.o
 .debug_info    0x00000000000068f4      0xafa ./system/src/drivers/tx20.o
 .debug_info    0x00000000000073ee      0x967 ./system/src/drivers/umb-slave.o
 .debug_info    0x0000000000007d55      0x2e7 ./system/src/diag/Trace.o
 .debug_info    0x000000000000803c      0x30a ./system/src/diag/trace_impl.o
 .debug_info    0x0000000000008346      0x2b1 ./system/src/cortexm/_initialize_hardware.o
 .debug_info    0x00000000000085f7      0x8da ./system/src/cortexm/exception_handlers.o
 .debug_info    0x0000000000008ed1      0x439 ./system/src/cmsis/system_stm32f10x.o
 .debug_info    0x000000000000930a       0xd1 ./system/src/cmsis/vectors_stm32f10x.o
 .debug_info    0x00000000000093db      0x26d ./src/LedConfig.o
 .debug_info    0x0000000000009648      0x1a4 ./src/Timer.o
 .debug_info    0x00000000000097ec      0x838 ./src/TimerConfig.o
 .debug_info    0x000000000000a024      0x717 ./src/it_handlers.o
 .debug_info    0x000000000000a73b     0x1085 ./src/main.o

.debug_abbrev   0x0000000000000000     0x3058
 *(.debug_abbrev)
 .debug_abbrev  0x0000000000000000      0x169 ./system/src/stm32f1-stdperiph/stm32f10x_exti.o
 .debug_abbrev  0x0000000000000169      0x1f2 ./system/src/stm32f1-stdperiph/stm32f10x_gpio.o
 .debug_abbrev  0x000000000000035b      0x1cd ./system/src/stm32f1-stdperiph/stm32f10x_i2c.o
 .debug_abbrev  0x0000000000000528      0x117 ./system/src/stm32f1-stdperiph/stm32f10x_iwdg.o
 .debug_abbrev  0x000000000000063f      0x1e7 ./system/src/stm32f1-stdperiph/stm32f10x_rcc.o
 .debug_abbrev  0x0000000000000826      0x1cb ./system/src/stm32f1-stdperiph/stm32f10x_usart.o
 .debug_abbrev  0x00000000000009f1       0x8e ./system/src/newlib/_exit.o
 .debug_abbrev  0x0000000000000a7f       0xb9 ./system/src/newlib/_sbrk.o
 .debug_abbrev  0x0000000000000b38      0x1ac ./system/src/newlib/_startup.o
 .debug_abbrev  0x0000000000000ce4       0xec ./system/src/newlib/_syscalls.o
 .debug_abbrev  0x0000000000000dd0      0x276 ./system/src/drivers/_dht22.o
 .debug_abbrev  0x0000000000001046      0x2ae ./system/src/drivers/dallas.o
 .debug_abbrev  0x00000000000012f4       0xe9 ./system/src/drivers/gpio_conf.o
 .debug_abbrev  0x00000000000013dd      0x261 ./system/src/drivers/i2c.o
 .debug_abbrev  0x000000000000163e      0x17b ./system/src/drivers/ms5611.o
 .debug_abbrev  0x00000000000017b9      0x225 ./system/src/drivers/serial.o
 .debug_abbrev  0x00000000000019de      0x292 ./system/src/drivers/tx20.o
 .debug_abbrev  0x0000000000001c70      0x25f ./system/src/drivers/umb-slave.o
 .debug_abbrev  0x0000000000001ecf      0x156 ./system/src/diag/Trace.o
 .debug_abbrev  0x0000000000002025      0x1c8 ./system/src/diag/trace_impl.o
 .debug_abbrev  0x00000000000021ed       0xea ./system/src/cortexm/_initialize_hardware.o
 .debug_abbrev  0x00000000000022d7      0x247 ./system/src/cortexm/exception_handlers.o
 .debug_abbrev  0x000000000000251e      0x159 ./system/src/cmsis/system_stm32f10x.o
 .debug_abbrev  0x0000000000002677       0x9d ./system/src/cmsis/vectors_stm32f10x.o
 .debug_abbrev  0x0000000000002714      0x11c ./src/LedConfig.o
 .debug_abbrev  0x0000000000002830      0x183 ./src/Timer.o
 .debug_abbrev  0x00000000000029b3      0x15b ./src/TimerConfig.o
 .debug_abbrev  0x0000000000002b0e      0x1d4 ./src/it_handlers.o
 .debug_abbrev  0x0000000000002ce2      0x376 ./src/main.o

.debug_line     0x0000000000000000     0x7a4a
 *(.debug_line)
 .debug_line    0x0000000000000000      0x3c1 ./system/src/stm32f1-stdperiph/stm32f10x_exti.o
 .debug_line    0x00000000000003c1      0x4c4 ./system/src/stm32f1-stdperiph/stm32f10x_gpio.o
 .debug_line    0x0000000000000885      0x5c7 ./system/src/stm32f1-stdperiph/stm32f10x_i2c.o
 .debug_line    0x0000000000000e4c      0x378 ./system/src/stm32f1-stdperiph/stm32f10x_iwdg.o
 .debug_line    0x00000000000011c4      0x5bf ./system/src/stm32f1-stdperiph/stm32f10x_rcc.o
 .debug_line    0x0000000000001783      0x580 ./system/src/stm32f1-stdperiph/stm32f10x_usart.o
 .debug_line    0x0000000000001d03      0x26c ./system/src/newlib/_exit.o
 .debug_line    0x0000000000001f6f      0x21e ./system/src/newlib/_sbrk.o
 .debug_line    0x000000000000218d      0x2d4 ./system/src/newlib/_startup.o
 .debug_line    0x0000000000002461      0x305 ./system/src/newlib/_syscalls.o
 .debug_line    0x0000000000002766      0x5b5 ./system/src/drivers/_dht22.o
 .debug_line    0x0000000000002d1b      0x635 ./system/src/drivers/dallas.o
 .debug_line    0x0000000000003350      0x33c ./system/src/drivers/gpio_conf.o
 .debug_line    0x000000000000368c      0x484 ./system/src/drivers/i2c.o
 .debug_line    0x0000000000003b10      0x2f2 ./system/src/drivers/ms5611.o
 .debug_line    0x0000000000003e02      0x468 ./system/src/drivers/serial.o
 .debug_line    0x000000000000426a      0x65c ./system/src/drivers/tx20.o
 .debug_line    0x00000000000048c6      0x4a3 ./system/src/drivers/umb-slave.o
 .debug_line    0x0000000000004d69      0x2d8 ./system/src/diag/Trace.o
 .debug_line    0x0000000000005041      0x552 ./system/src/diag/trace_impl.o
 .debug_line    0x0000000000005593      0x33f ./system/src/cortexm/_initialize_hardware.o
 .debug_line    0x00000000000058d2      0x5fc ./system/src/cortexm/exception_handlers.o
 .debug_line    0x0000000000005ece      0x39a ./system/src/cmsis/system_stm32f10x.o
 .debug_line    0x0000000000006268       0xcf ./system/src/cmsis/vectors_stm32f10x.o
 .debug_line    0x0000000000006337      0x30c ./src/LedConfig.o
 .debug_line    0x0000000000006643      0x362 ./src/Timer.o
 .debug_line    0x00000000000069a5      0x375 ./src/TimerConfig.o
 .debug_line    0x0000000000006d1a      0x638 ./src/it_handlers.o
 .debug_line    0x0000000000007352      0x6f8 ./src/main.o

.debug_frame    0x0000000000000000     0x21b8
 *(.debug_frame)
 .debug_frame   0x0000000000000000       0xa4 ./system/src/stm32f1-stdperiph/stm32f10x_exti.o
 .debug_frame   0x00000000000000a4      0x16c ./system/src/stm32f1-stdperiph/stm32f10x_gpio.o
 .debug_frame   0x0000000000000210      0x24c ./system/src/stm32f1-stdperiph/stm32f10x_i2c.o
 .debug_frame   0x000000000000045c       0x70 ./system/src/stm32f1-stdperiph/stm32f10x_iwdg.o
 .debug_frame   0x00000000000004cc      0x238 ./system/src/stm32f1-stdperiph/stm32f10x_rcc.o
 .debug_frame   0x0000000000000704      0x220 ./system/src/stm32f1-stdperiph/stm32f10x_usart.o
 .debug_frame   0x0000000000000924       0x38 ./system/src/newlib/_exit.o
 .debug_frame   0x000000000000095c       0x28 ./system/src/newlib/_sbrk.o
 .debug_frame   0x0000000000000984       0x7c ./system/src/newlib/_startup.o
 .debug_frame   0x0000000000000a00       0x50 ./system/src/newlib/_syscalls.o
 .debug_frame   0x0000000000000a50       0xb8 ./system/src/drivers/_dht22.o
 .debug_frame   0x0000000000000b08      0x100 ./system/src/drivers/dallas.o
 .debug_frame   0x0000000000000c08       0x2c ./system/src/drivers/gpio_conf.o
 .debug_frame   0x0000000000000c34       0x94 ./system/src/drivers/i2c.o
 .debug_frame   0x0000000000000cc8      0x104 ./system/src/drivers/ms5611.o
 .debug_frame   0x0000000000000dcc       0x98 ./system/src/drivers/serial.o
 .debug_frame   0x0000000000000e64       0xd4 ./system/src/drivers/tx20.o
 .debug_frame   0x0000000000000f38      0x138 ./system/src/drivers/umb-slave.o
 .debug_frame   0x0000000000001070       0x94 ./system/src/diag/Trace.o
 .debug_frame   0x0000000000001104       0x60 ./system/src/diag/trace_impl.o
 .debug_frame   0x0000000000001164       0x40 ./system/src/cortexm/_initialize_hardware.o